Using pre-set license
Built from '6000.0/respin/6000.0.59f1-063c55f2fd0f' branch; Version is '6000.0.59f2 (ef281c76c3c1) revision 15673372'; Using compiler version '193933523'; Build Type 'Release'
OS: 'Windows 11  (10.0.26200) 64bit Core' Language: 'en' Physical Memory: 16076 MB
BatchMode: 1, IsHumanControllingUs: 0, StartBugReporterOnCrash: 0, Is64bit: 1
Date: 2026-04-20T20:58:40Z

COMMAND LINE ARGUMENTS:
C:\Program Files\Unity\Hub\Editor\6000.0.59f2-x86_64\Editor\Unity.exe
-adb2
-batchMode
-noUpm
-name
AssetImportWorker2
-projectPath
C:/Users/allys/Desktop/uni/3D Reco/3D Reco F1 Game
-logFile
Logs/AssetImportWorker2.log
-srvPort
63613
-job-worker-count
5
-background-job-worker-count
8
-gc-helper-count
1
-name
AssetImport
Successfully changed project path to: C:/Users/allys/Desktop/uni/3D Reco/3D Reco F1 Game
C:/Users/allys/Desktop/uni/3D Reco/3D Reco F1 Game
[UnityMemory] Configuration Parameters - Can be set up in boot.config
    "memorysetup-bucket-allocator-granularity=16"
    "memorysetup-bucket-allocator-bucket-count=8"
    "memorysetup-bucket-allocator-block-size=33554432"
    "memorysetup-bucket-allocator-block-count=8"
    "memorysetup-main-allocator-block-size=16777216"
    "memorysetup-thread-allocator-block-size=16777216"
    "memorysetup-gfx-main-allocator-block-size=16777216"
    "memorysetup-gfx-thread-allocator-block-size=16777216"
    "memorysetup-cache-allocator-block-size=4194304"
    "memorysetup-typetree-allocator-block-size=2097152"
    "memorysetup-profiler-bucket-allocator-granularity=16"
    "memorysetup-profiler-bucket-allocator-bucket-count=8"
    "memorysetup-profiler-bucket-allocator-block-size=33554432"
    "memorysetup-profiler-bucket-allocator-block-count=8"
    "memorysetup-profiler-allocator-block-size=16777216"
    "memorysetup-profiler-editor-allocator-block-size=1048576"
    "memorysetup-temp-allocator-size-main=16777216"
    "memorysetup-job-temp-allocator-block-size=2097152"
    "memorysetup-job-temp-allocator-block-size-background=1048576"
    "memorysetup-job-temp-allocator-reduction-small-platforms=262144"
    "memorysetup-allocator-temp-initial-block-size-main=262144"
    "memorysetup-allocator-temp-initial-block-size-worker=262144"
    "memorysetup-temp-allocator-size-background-worker=32768"
    "memorysetup-temp-allocator-size-job-worker=262144"
    "memorysetup-temp-allocator-size-preload-manager=33554432"
    "memorysetup-temp-allocator-size-nav-mesh-worker=65536"
    "memorysetup-temp-allocator-size-audio-worker=65536"
    "memorysetup-temp-allocator-size-cloud-worker=32768"
    "memorysetup-temp-allocator-size-gi-baking-worker=262144"
    "memorysetup-temp-allocator-size-gi-baking-worker=262144"
    "memorysetup-temp-allocator-size-gi-baking-worker=262144"
    "memorysetup-temp-allocator-size-gi-baking-worker=262144"
    "memorysetup-temp-allocator-size-gi-baking-worker=262144"
    "memorysetup-temp-allocator-size-gfx=262144"
Player connection [25512]  Target information:

Player connection [25512]  * "[IP] 192.168.0.27 [Port] 0 [Flags] 2 [Guid] 3934020454 [EditorId] 3934020454 [Version] 1048832 [Id] WindowsEditor(7,Doofenshmirtz) [Debug] 1 [PackageName] WindowsEditor [ProjectName] Editor" 

Player connection [25512] Host joined multi-casting on [225.0.0.222:54997]...
Player connection [25512] Host joined alternative multi-casting on [225.0.0.222:34997]...
JobSystem: Creating JobQueue using job-worker-count value 5
Input System module state changed to: Initialized.
[Physics::Module] Initialized fallback backend.
[Physics::Module] Id: 0xdecafbad
Library Redirect Path: Library/
[Physics::Module] Selected backend.
[Physics::Module] Name: PhysX
[Physics::Module] Id: 0xf2b8ea05
[Physics::Module] SDK Version: 4.1.2
[Physics::Module] Integration Version: 1.0.0
[Physics::Module] Threading Mode: Multi-Threaded
Refreshing native plugins compatible for Editor in 3.38 ms, found 4 plugins.
Preloading 0 native plugins for Editor in 0.00 ms.
Initialize engine version: 6000.0.59f2 (ef281c76c3c1)
[Subsystems] Discovering subsystems at path C:/Program Files/Unity/Hub/Editor/6000.0.59f2-x86_64/Editor/Data/Resources/UnitySubsystems
[Subsystems] Discovering subsystems at path C:/Users/allys/Desktop/uni/3D Reco/3D Reco F1 Game/Assets
GfxDevice: creating device client; kGfxThreadingModeNonThreaded
Direct3D:
    Version:  Direct3D 11.0 [level 11.1]
    Renderer: Intel(R) UHD Graphics (ID=0x46a3)
    Vendor:   Intel
    VRAM:     8038 MB
    Driver:   32.0.101.7076
Initialize mono
Mono path[0] = 'C:/Program Files/Unity/Hub/Editor/6000.0.59f2-x86_64/Editor/Data/Managed'
Mono path[1] = 'C:/Program Files/Unity/Hub/Editor/6000.0.59f2-x86_64/Editor/Data/MonoBleedingEdge/lib/mono/unityjit-win32'
Mono config path = 'C:/Program Files/Unity/Hub/Editor/6000.0.59f2-x86_64/Editor/Data/MonoBleedingEdge/etc'
Using monoOptions --debugger-agent=transport=dt_socket,embedding=1,server=y,suspend=n,address=127.0.0.1:56244
Begin MonoManager ReloadAssembly
Registering precompiled unity dll's ...
Register platform support module: C:/Program Files/Unity/Hub/Editor/6000.0.59f2-x86_64/Editor/Data/PlaybackEngines/WebGLSupport/UnityEditor.WebGL.Extensions.dll
Register platform support module: C:/Program Files/Unity/Hub/Editor/6000.0.59f2-x86_64/Editor/Data/PlaybackEngines/WindowsStandaloneSupport/UnityEditor.WindowsStandalone.Extensions.dll
Register platform support module: C:/Program Files/Unity/Hub/Editor/6000.0.59f2-x86_64/Editor/Data/PlaybackEngines/AndroidPlayer/UnityEditor.Android.Extensions.dll
Register platform support module: C:/Program Files/Unity/Hub/Editor/6000.0.59f2-x86_64/Editor/Data/PlaybackEngines/iOSSupport/UnityEditor.iOS.Extensions.dll
Registered in 0.011660 seconds.
- Loaded All Assemblies, in  0.617 seconds
[usbmuxd] Start listen thread
[usbmuxd] Listen thread started
Native extension for iOS target not found
Native extension for Android target not found
Android Extension - Scanning For ADB Devices 595 ms
Native extension for WindowsStandalone target not found
Native extension for WebGL target not found
Mono: successfully reloaded assembly
- Finished resetting the current domain, in  1.105 seconds
Domain Reload Profiling: 1720ms
	BeginReloadAssembly (267ms)
		ExecutionOrderSort (0ms)
		DisableScriptedObjects (0ms)
		BackupInstance (0ms)
		ReleaseScriptingObjects (0ms)
		CreateAndSetChildDomain (1ms)
	RebuildCommonClasses (49ms)
	RebuildNativeTypeToScriptingClass (14ms)
	initialDomainReloadingComplete (81ms)
	LoadAllAssembliesAndSetupDomain (203ms)
		LoadAssemblies (263ms)
		RebuildTransferFunctionScriptingTraits (0ms)
		AnalyzeDomain (197ms)
			TypeCache.Refresh (195ms)
				TypeCache.ScanAssembly (181ms)
			BuildScriptInfoCaches (0ms)
			ResolveRequiredComponents (1ms)
	FinalizeReload (1106ms)
		ReleaseScriptCaches (0ms)
		RebuildScriptCaches (0ms)
		SetupLoadedEditorAssemblies (1072ms)
			LogAssemblyErrors (0ms)
			InitializePlatformSupportModulesInManaged (722ms)
			SetLoadedEditorAssemblies (6ms)
			BeforeProcessingInitializeOnLoad (92ms)
			ProcessInitializeOnLoadAttributes (184ms)
			ProcessInitializeOnLoadMethodAttributes (68ms)
			AfterProcessingInitializeOnLoad (0ms)
			EditorAssembliesLoaded (0ms)
		ExecutionOrderSort2 (0ms)
		AwakeInstancesAfterBackupRestoration (0ms)
Assembly reference Packages/com.unity.entities/Unity.Scenes.Editor/Internals/Properties/Unity.Properties.Internals.asmref has no target assembly definition
========================================================================
Worker process is ready to serve import requests
Import Worker Mode flag is 0x00
Assembly reference Packages/com.unity.entities/Unity.Scenes.Editor/Internals/Properties/Unity.Properties.Internals.asmref has no target assembly definition
Assembly reference Packages/com.unity.entities/Unity.Scenes.Editor/Internals/Properties/Unity.Properties.Internals.asmref has no target assembly definition
Begin MonoManager ReloadAssembly
Duplicate assembly 'log4net.dll' with different versions detected, using 'Packages/com.unity.package-validation-suite/Lib/Editor/log4net.dll, AssemblyName=log4net, Version=2.0.8.0, Culture=neutral, PublicKeyToken=669e0ddf0bb1aa2a' and ignoring 'Packages/com.unity.collab-proxy/Lib/Editor/log4netPlastic.dll, AssemblyName=log4net, Version=1.2.15.0, Culture=neutral, PublicKeyToken=669e0ddf0bb1aa2a'.- Loaded All Assemblies, in  1.383 seconds
Assembly reference Packages/com.unity.entities/Unity.Scenes.Editor/Internals/Properties/Unity.Properties.Internals.asmref has no target assembly definition
Refreshing native plugins compatible for Editor in 2.25 ms, found 4 plugins.
Native extension for iOS target not found
Native extension for Android target not found
Native extension for WindowsStandalone target not found
Native extension for WebGL target not found
Assembly reference Packages/com.unity.entities/Unity.Scenes.Editor/Internals/Properties/Unity.Properties.Internals.asmref has no target assembly definition
Package Manager log level set to [2]
[Package Manager] Failed to launch server process. Reason: Unity was launched with the -noUpm command-line argument
[Package Manager] Unable to send message (not connected to server process).
[Package Manager] Cannot connect to Unity Package Manager local server
TypeManager.Initialize took: 89ms
System.Exception: Error! Visual Scripting: couldn't find visual scripting package
  at Unity.VisualScripting.PackageVersionUtility.get_version () [0x00043] in .\Library\PackageCache\com.unity.visualscripting@6279e2b7c485\Editor\VisualScripting.Core\Utilities\PackageVersionUtility.cs:31 
  at Unity.VisualScripting.BoltCoreManifest.get_version () [0x00000] in .\Library\PackageCache\com.unity.visualscripting@6279e2b7c485\Editor\VisualScripting.Core\Plugin\BoltCoreManifest.cs:11 
  at Unity.VisualScripting.PluginManifest.get_currentVersion () [0x00000] in .\Library\PackageCache\com.unity.visualscripting@6279e2b7c485\Editor\VisualScripting.Core\Plugins\PluginManifest.cs:33 
  at Unity.VisualScripting.PluginManifest.get_versionMismatch () [0x00000] in .\Library\PackageCache\com.unity.visualscripting@6279e2b7c485\Editor\VisualScripting.Core\Plugins\PluginManifest.cs:48 
  at Unity.VisualScripting.PluginContainer.Initialize () [0x00525] in .\Library\PackageCache\com.unity.visualscripting@6279e2b7c485\Editor\VisualScripting.Core\Plugins\PluginContainer.cs:208 
  at Unity.VisualScripting.PluginContainer.InitializeOnLoad () [0x00009] in .\Library\PackageCache\com.unity.visualscripting@6279e2b7c485\Editor\VisualScripting.Core\Plugins\PluginContainer.cs:32 
  at Unity.VisualScripting.VSUsageUtility.DoInitializeOnLoadCalls () [0x00034] in .\Library\PackageCache\com.unity.visualscripting@6279e2b7c485\Editor\VisualScripting.Core\Utilities\VSUsageUtility.cs:76 
  at Unity.VisualScripting.VSUsageUtility.set_isVisualScriptingUsed (System.Boolean value) [0x0002c] in .\Library\PackageCache\com.unity.visualscripting@6279e2b7c485\Editor\VisualScripting.Core\Utilities\VSUsageUtility.cs:114 
  at Unity.VisualScripting.VSUsageUtility.CheckAndSetIsVisualScriptingUsed () [0x00032] in .\Library\PackageCache\com.unity.visualscripting@6279e2b7c485\Editor\VisualScripting.Core\Utilities\VSUsageUtility.cs:48 
  at Unity.VisualScripting.VSUsageUtility..cctor () [0x00000] in .\Library\PackageCache\com.unity.visualscripting@6279e2b7c485\Editor\VisualScripting.Core\Utilities\VSUsageUtility.cs:22 
UnityEngine.Debug:ExtractStackTraceNoAlloc (byte*,int,string)
UnityEngine.StackTraceUtility:ExtractStackTrace ()
UnityEngine.DebugLogHandler:Internal_Log (UnityEngine.LogType,UnityEngine.LogOption,string,UnityEngine.Object)
UnityEngine.DebugLogHandler:LogFormat (UnityEngine.LogType,UnityEngine.Object,string,object[])
UnityEngine.Logger:Log (UnityEngine.LogType,object)
UnityEngine.Debug:LogError (object)
UnityEditor.EditorAssemblies:ProcessInitializeOnLoadAttributes (System.Type[])

Mono: successfully reloaded assembly
- Finished resetting the current domain, in  2.135 seconds
Domain Reload Profiling: 3503ms
	BeginReloadAssembly (217ms)
		ExecutionOrderSort (0ms)
		DisableScriptedObjects (6ms)
		BackupInstance (0ms)
		ReleaseScriptingObjects (0ms)
		CreateAndSetChildDomain (32ms)
	RebuildCommonClasses (104ms)
	RebuildNativeTypeToScriptingClass (13ms)
	initialDomainReloadingComplete (53ms)
	LoadAllAssembliesAndSetupDomain (979ms)
		LoadAssemblies (706ms)
		RebuildTransferFunctionScriptingTraits (0ms)
		AnalyzeDomain (408ms)
			TypeCache.Refresh (290ms)
				TypeCache.ScanAssembly (266ms)
			BuildScriptInfoCaches (91ms)
			ResolveRequiredComponents (20ms)
	FinalizeReload (2136ms)
		ReleaseScriptCaches (0ms)
		RebuildScriptCaches (0ms)
		SetupLoadedEditorAssemblies (1731ms)
			LogAssemblyErrors (0ms)
			InitializePlatformSupportModulesInManaged (28ms)
			SetLoadedEditorAssemblies (8ms)
			BeforeProcessingInitializeOnLoad (259ms)
			ProcessInitializeOnLoadAttributes (1262ms)
			ProcessInitializeOnLoadMethodAttributes (166ms)
			AfterProcessingInitializeOnLoad (7ms)
			EditorAssembliesLoaded (1ms)
		ExecutionOrderSort2 (0ms)
		AwakeInstancesAfterBackupRestoration (6ms)
Launched and connected shader compiler UnityShaderCompiler.exe after 0.01 seconds
Refreshing native plugins compatible for Editor in 1.87 ms, found 4 plugins.
Preloading 0 native plugins for Editor in 0.00 ms.
Unloading 26 Unused Serialized files (Serialized files now loaded: 0)
Unloading 8127 unused Assets / (6.0 MB). Loaded Objects now: 8891.
Memory consumption went from 152.3 MB to 146.4 MB.
Total: 24.235000 ms (FindLiveObjects: 1.831600 ms CreateObjectMapping: 0.751200 ms MarkObjects: 18.482100 ms  DeleteObjects: 3.168200 ms)

========================================================================
Received Import Request.
  Time since last request: 470232.193359 seconds.
  path: Assets/Materials/728fe50ce9b1888dc49fe6931e047ddf.jpg
  artifactKey: Guid(b7b2f92c9b1d0d84eb18277fd9267e1a) Importer(2089858483,192608db42251d675da83286b1cce702)
Start importing Assets/Materials/728fe50ce9b1888dc49fe6931e047ddf.jpg using Guid(b7b2f92c9b1d0d84eb18277fd9267e1a) Importer(2089858483,192608db42251d675da83286b1cce702) (ScriptedImporter) -> (artifact id: '658bfb7aa1c68cabda9de12a87a291ba') in 0.2646391 seconds
Number of updated asset objects reloaded before import = 0Number of asset objects unloaded after import = 1

========================================================================
Received Import Request.
  Time since last request: 0.000013 seconds.
  path: Assets/TextMesh Pro/Shaders/TMP_SDF SSD.shader
  artifactKey: Guid(14eb328de4b8eb245bb7cea29e4ac00b) Importer(2089858483,192608db42251d675da83286b1cce702)
Start importing Assets/TextMesh Pro/Shaders/TMP_SDF SSD.shader using Guid(14eb328de4b8eb245bb7cea29e4ac00b) Importer(2089858483,192608db42251d675da83286b1cce702) (ScriptedImporter) -> (artifact id: 'cabc394f5f68e3ba0879f2a32d468bdd') in 0.0295774 seconds
Number of updated asset objects reloaded before import = 0Number of asset objects unloaded after import = 1

========================================================================
Received Import Request.
  Time since last request: 0.000053 seconds.
  path: Assets/TextMesh Pro/Shaders/TMP_SDF-Mobile SSD.shader
  artifactKey: Guid(c8d12adcee749c344b8117cf7c7eb912) Importer(2089858483,192608db42251d675da83286b1cce702)
Start importing Assets/TextMesh Pro/Shaders/TMP_SDF-Mobile SSD.shader using Guid(c8d12adcee749c344b8117cf7c7eb912) Importer(2089858483,192608db42251d675da83286b1cce702) (ScriptedImporter) -> (artifact id: 'a358428d736799421f7a8aa8b5e93a4e') in 0.0210958 seconds
Number of updated asset objects reloaded before import = 0Number of asset objects unloaded after import = 1

========================================================================
Received Import Request.
  Time since last request: 0.000026 seconds.
  path: Assets/TextMesh Pro/Resources/LineBreaking Following Characters.txt
  artifactKey: Guid(fade42e8bc714b018fac513c043d323b) Importer(2089858483,192608db42251d675da83286b1cce702)
Start importing Assets/TextMesh Pro/Resources/LineBreaking Following Characters.txt using Guid(fade42e8bc714b018fac513c043d323b) Importer(2089858483,192608db42251d675da83286b1cce702) (ScriptedImporter) -> (artifact id: '6e0383e8d59c8d735815e3ea12d31fd4') in 0.02123 seconds
Number of updated asset objects reloaded before import = 0Number of asset objects unloaded after import = 1

========================================================================
Received Import Request.
  Time since last request: 0.000025 seconds.
  path: Assets/Settings/PC_RPAsset.asset
  artifactKey: Guid(4b83569d67af61e458304325a23e5dfd) Importer(2089858483,192608db42251d675da83286b1cce702)
Start importing Assets/Settings/PC_RPAsset.asset using Guid(4b83569d67af61e458304325a23e5dfd) Importer(2089858483,192608db42251d675da83286b1cce702) (ScriptedImporter) -> (artifact id: '53caadebb4b337e7d8bdd4cde7f66560') in 0.1403959 seconds
Number of updated asset objects reloaded before import = 0Number of asset objects unloaded after import = 8

========================================================================
Received Import Request.
  Time since last request: 0.000039 seconds.
  path: Assets/Unity.VisualScripting.Generated/VisualScripting.Flow/UnitOptions.db
  artifactKey: Guid(9fbc57a20eff1e1448ddfe519285eed8) Importer(2089858483,192608db42251d675da83286b1cce702)
Start importing Assets/Unity.VisualScripting.Generated/VisualScripting.Flow/UnitOptions.db using Guid(9fbc57a20eff1e1448ddfe519285eed8) Importer(2089858483,192608db42251d675da83286b1cce702) (ScriptedImporter) -> (artifact id: 'd7376b3b668c12ed027a393e9b0e9238') in 0.0198012 seconds
Number of updated asset objects reloaded before import = 0Number of asset objects unloaded after import = 1

========================================================================
Received Import Request.
  Time since last request: 0.000041 seconds.
  path: Assets/TextMesh Pro/Shaders/TMP_Bitmap-Mobile.shader
  artifactKey: Guid(1e3b057af24249748ff873be7fafee47) Importer(2089858483,192608db42251d675da83286b1cce702)
Start importing Assets/TextMesh Pro/Shaders/TMP_Bitmap-Mobile.shader using Guid(1e3b057af24249748ff873be7fafee47) Importer(2089858483,192608db42251d675da83286b1cce702) (ScriptedImporter) -> (artifact id: 'a341a8c44f1efb5977937875a11c639f') in 0.0215535 seconds
Number of updated asset objects reloaded before import = 0Number of asset objects unloaded after import = 1

========================================================================
Received Import Request.
  Time since last request: 0.000039 seconds.
  path: Assets/Settings/PC_PipelineAsset_ForwardRenderer.asset
  artifactKey: Guid(86adaf0a9acb9d44bb03d3d23022ade6) Importer(2089858483,192608db42251d675da83286b1cce702)
Start importing Assets/Settings/PC_PipelineAsset_ForwardRenderer.asset using Guid(86adaf0a9acb9d44bb03d3d23022ade6) Importer(2089858483,192608db42251d675da83286b1cce702) (ScriptedImporter) -> (artifact id: '065d919498e5a1a04fe6d362d62fd619') in 0.0714169 seconds
Number of updated asset objects reloaded before import = 0Number of asset objects unloaded after import = 1

========================================================================
Received Import Request.
  Time since last request: 0.000034 seconds.
  path: Assets/TextMesh Pro/Shaders/TMP_SDF-URP Lit.shadergraph
  artifactKey: Guid(a3d800b099a06e0478fb790c5e79057a) Importer(2089858483,192608db42251d675da83286b1cce702)
Start importing Assets/TextMesh Pro/Shaders/TMP_SDF-URP Lit.shadergraph using Guid(a3d800b099a06e0478fb790c5e79057a) Importer(2089858483,192608db42251d675da83286b1cce702) (ScriptedImporter) -> (artifact id: '5995ffa5c20d5dee8d21b01a0d337919') in 0.0877814 seconds
Number of updated asset objects reloaded before import = 0Number of asset objects unloaded after import = 4

========================================================================
Received Import Request.
  Time since last request: 0.000041 seconds.
  path: Assets/Random/dinofan.mtl
  artifactKey: Guid(353f6f966c5af2048a388bbf9a6e5684) Importer(2089858483,192608db42251d675da83286b1cce702)
Start importing Assets/Random/dinofan.mtl using Guid(353f6f966c5af2048a388bbf9a6e5684) Importer(2089858483,192608db42251d675da83286b1cce702) (ScriptedImporter) -> (artifact id: 'f2c265b2694c4946db643d59fecb8d31') in 0.020656 seconds
Number of updated asset objects reloaded before import = 0Number of asset objects unloaded after import = 1

========================================================================
Received Import Request.
  Time since last request: 0.000024 seconds.
  path: Assets/CartoonTracksPack1/Track1/Physics Materials/Tyre.physicMaterial
  artifactKey: Guid(25bb2e7ca5061cf42b8bbe6f32ed2922) Importer(2089858483,192608db42251d675da83286b1cce702)
Start importing Assets/CartoonTracksPack1/Track1/Physics Materials/Tyre.physicMaterial using Guid(25bb2e7ca5061cf42b8bbe6f32ed2922) Importer(2089858483,192608db42251d675da83286b1cce702) (ScriptedImporter) -> (artifact id: 'd1d477ab27002ab75c42a37c1f9b2606') in 0.0616753 seconds
Number of updated asset objects reloaded before import = 0Number of asset objects unloaded after import = 1

========================================================================
Received Import Request.
  Time since last request: 0.000028 seconds.
  path: Assets/TextMesh Pro/Resources/Fonts & Materials/LiberationSans SDF - Outline.mat
  artifactKey: Guid(79459efec17a4d00a321bdcc27bbc385) Importer(2089858483,192608db42251d675da83286b1cce702)
Start importing Assets/TextMesh Pro/Resources/Fonts & Materials/LiberationSans SDF - Outline.mat using Guid(79459efec17a4d00a321bdcc27bbc385) Importer(2089858483,192608db42251d675da83286b1cce702) (ScriptedImporter) -> (artifact id: 'e0d086591e4d46fcbdfe69614d27e8ba') in 0.0505184 seconds
Number of updated asset objects reloaded before import = 0Number of asset objects unloaded after import = 2

========================================================================
Received Import Request.
  Time since last request: 0.000032 seconds.
  path: Assets/TextMesh Pro/Resources/Fonts & Materials/LiberationSans SDF - Fallback.asset
  artifactKey: Guid(2e498d1c8094910479dc3e1b768306a4) Importer(2089858483,192608db42251d675da83286b1cce702)
Start importing Assets/TextMesh Pro/Resources/Fonts & Materials/LiberationSans SDF - Fallback.asset using Guid(2e498d1c8094910479dc3e1b768306a4) Importer(2089858483,192608db42251d675da83286b1cce702) (ScriptedImporter) -> (artifact id: 'b5956e9dbddf92c9a3e7e528cf09dfe0') in 0.0524707 seconds
Number of updated asset objects reloaded before import = 0Number of asset objects unloaded after import = 5

========================================================================
Received Import Request.
  Time since last request: 0.000046 seconds.
  path: Assets/TextMesh Pro/Resources/Sprite Assets/EmojiOne.asset
  artifactKey: Guid(c41005c129ba4d66911b75229fd70b45) Importer(2089858483,192608db42251d675da83286b1cce702)
Start importing Assets/TextMesh Pro/Resources/Sprite Assets/EmojiOne.asset using Guid(c41005c129ba4d66911b75229fd70b45) Importer(2089858483,192608db42251d675da83286b1cce702) (ScriptedImporter) -> (artifact id: 'c1e3d5eac57dd2625450c5d4168fffe3') in 0.0290066 seconds
Number of updated asset objects reloaded before import = 0Number of asset objects unloaded after import = 3

========================================================================
Received Import Request.
  Time since last request: 0.000030 seconds.
  path: Assets/Materials/3d3d5d7dd614cf3b680b1f987c3b3ff7.jpg
  artifactKey: Guid(14b799713977e7749b17dbbf0b9f8ca3) Importer(2089858483,192608db42251d675da83286b1cce702)
Start importing Assets/Materials/3d3d5d7dd614cf3b680b1f987c3b3ff7.jpg using Guid(14b799713977e7749b17dbbf0b9f8ca3) Importer(2089858483,192608db42251d675da83286b1cce702) (ScriptedImporter) -> (artifact id: 'f74987f9634b8cae4a5f3da93deaee0c') in 0.0356967 seconds
Number of updated asset objects reloaded before import = 0Number of asset objects unloaded after import = 1

========================================================================
Received Import Request.
  Time since last request: 0.000026 seconds.
  path: Assets/Settings/PC_Renderer.asset
  artifactKey: Guid(f288ae1f4751b564a96ac7587541f7a2) Importer(2089858483,192608db42251d675da83286b1cce702)
Start importing Assets/Settings/PC_Renderer.asset using Guid(f288ae1f4751b564a96ac7587541f7a2) Importer(2089858483,192608db42251d675da83286b1cce702) (ScriptedImporter) -> (artifact id: '8277715c7212301532a1c527ffe40832') in 0.0329071 seconds
Number of updated asset objects reloaded before import = 0Number of asset objects unloaded after import = 2

========================================================================
Received Import Request.
  Time since last request: 0.000024 seconds.
  path: Assets/CartoonTracksPack1/Track1/Physics Materials/wall.physicMaterial
  artifactKey: Guid(88ae8967ae5e1514abc111b523990106) Importer(2089858483,192608db42251d675da83286b1cce702)
Start importing Assets/CartoonTracksPack1/Track1/Physics Materials/wall.physicMaterial using Guid(88ae8967ae5e1514abc111b523990106) Importer(2089858483,192608db42251d675da83286b1cce702) (ScriptedImporter) -> (artifact id: '3334ff868035321c2543b29a4dbddb12') in 0.0385799 seconds
Number of updated asset objects reloaded before import = 0Number of asset objects unloaded after import = 1

========================================================================
Received Import Request.
  Time since last request: 0.000045 seconds.
  path: Assets/CartoonTracksPack1/Track1/Meshes/Materials/ROAD.mat
  artifactKey: Guid(b5bc8f3403dc1ce46a81986467de7656) Importer(2089858483,192608db42251d675da83286b1cce702)
Start importing Assets/CartoonTracksPack1/Track1/Meshes/Materials/ROAD.mat using Guid(b5bc8f3403dc1ce46a81986467de7656) Importer(2089858483,192608db42251d675da83286b1cce702) (ScriptedImporter) -> (artifact id: '22fb21dd1ebfeeadfae74cc37e96e21a') in 0.0473648 seconds
Number of updated asset objects reloaded before import = 0Number of asset objects unloaded after import = 1

========================================================================
Received Import Request.
  Time since last request: 0.000024 seconds.
  path: Assets/CartoonTracksPack1/Track1/Meshes/Prefab_Meshes/prop_adbox_C.FBX
  artifactKey: Guid(584d2c4099982f34b8d019e656401324) Importer(2089858483,192608db42251d675da83286b1cce702)
Start importing Assets/CartoonTracksPack1/Track1/Meshes/Prefab_Meshes/prop_adbox_C.FBX using Guid(584d2c4099982f34b8d019e656401324) Importer(2089858483,192608db42251d675da83286b1cce702) (ScriptedImporter) -> (artifact id: '6e399d9bfa085331730743e39edae381') in 0.2994381 seconds
Number of updated asset objects reloaded before import = 0Number of asset objects unloaded after import = 10

========================================================================
Received Import Request.
  Time since last request: 0.000034 seconds.
  path: Assets/Scripts/ResourceBar.cs
  artifactKey: Guid(003c1f14bd2ef0f49a9bb927aef052e3) Importer(2089858483,192608db42251d675da83286b1cce702)
Start importing Assets/Scripts/ResourceBar.cs using Guid(003c1f14bd2ef0f49a9bb927aef052e3) Importer(2089858483,192608db42251d675da83286b1cce702) (ScriptedImporter) -> (artifact id: 'c43806c71c7f72eea0b398fd8065c9ad') in 0.0248346 seconds
Number of updated asset objects reloaded before import = 0Number of asset objects unloaded after import = 0

========================================================================
Received Import Request.
  Time since last request: 0.000037 seconds.
  path: Assets/CartoonTracksPack1/Track1/Meshes/Prefab_Meshes/prop_baloon_H.FBX
  artifactKey: Guid(db26bd831937b3d4db8aa6f6794296fc) Importer(2089858483,192608db42251d675da83286b1cce702)
Start importing Assets/CartoonTracksPack1/Track1/Meshes/Prefab_Meshes/prop_baloon_H.FBX using Guid(db26bd831937b3d4db8aa6f6794296fc) Importer(2089858483,192608db42251d675da83286b1cce702) (ScriptedImporter) -> (artifact id: '8283fdd5352a85433f95f7ac4fc0b217') in 0.0559626 seconds
Number of updated asset objects reloaded before import = 0Number of asset objects unloaded after import = 9

========================================================================
Received Import Request.
  Time since last request: 0.000026 seconds.
  path: Assets/CartoonTracksPack1/Track1/Meshes/Materials/ROCK.mat
  artifactKey: Guid(d2cd32d0fe9ff2d45934f027f557869b) Importer(2089858483,192608db42251d675da83286b1cce702)
Start importing Assets/CartoonTracksPack1/Track1/Meshes/Materials/ROCK.mat using Guid(d2cd32d0fe9ff2d45934f027f557869b) Importer(2089858483,192608db42251d675da83286b1cce702) (ScriptedImporter) -> (artifact id: '9d4d482653aac49e53990492fc95f9f2') in 0.0359876 seconds
Number of updated asset objects reloaded before import = 0Number of asset objects unloaded after import = 2

========================================================================
Received Import Request.
  Time since last request: 0.000028 seconds.
  path: Assets/CartoonTracksPack1/Track1/Textures/barriers.psd
  artifactKey: Guid(14f6f75987d2d2a48b03ff5199ae9fda) Importer(2089858483,192608db42251d675da83286b1cce702)
Start importing Assets/CartoonTracksPack1/Track1/Textures/barriers.psd using Guid(14f6f75987d2d2a48b03ff5199ae9fda) Importer(2089858483,192608db42251d675da83286b1cce702) (ScriptedImporter) -> (artifact id: '4bd6aba4158026b16772fe465c18e494') in 0.0393416 seconds
Number of updated asset objects reloaded before import = 0Number of asset objects unloaded after import = 1

========================================================================
Received Import Request.
  Time since last request: 0.000028 seconds.
  path: Assets/CartoonTracksPack1/Track1/Textures/garages_specular.psd
  artifactKey: Guid(8b66c629a162b2a47ad4cb64253665f9) Importer(2089858483,192608db42251d675da83286b1cce702)
Start importing Assets/CartoonTracksPack1/Track1/Textures/garages_specular.psd using Guid(8b66c629a162b2a47ad4cb64253665f9) Importer(2089858483,192608db42251d675da83286b1cce702) (ScriptedImporter) -> (artifact id: 'c79f129251db07fbbaa11033f3d9dd09') in 0.1441739 seconds
Number of updated asset objects reloaded before import = 0Number of asset objects unloaded after import = 1

========================================================================
Received Import Request.
  Time since last request: 0.000038 seconds.
  path: Assets/CartoonTracksPack1/Track1/Meshes/Prefab_Meshes/prop_banner_www_B.FBX
  artifactKey: Guid(dd2b794431d710641b12cb1124b7caed) Importer(2089858483,192608db42251d675da83286b1cce702)
Start importing Assets/CartoonTracksPack1/Track1/Meshes/Prefab_Meshes/prop_banner_www_B.FBX using Guid(dd2b794431d710641b12cb1124b7caed) Importer(2089858483,192608db42251d675da83286b1cce702) (ScriptedImporter) -> (artifact id: '7d4ceea90b1f09e4078431dfb573ed6f') in 0.1440304 seconds
Number of updated asset objects reloaded before import = 0Number of asset objects unloaded after import = 9

========================================================================
Received Import Request.
  Time since last request: 0.000048 seconds.
  path: Assets/TextMesh Pro/Resources/LineBreaking Leading Characters.txt
  artifactKey: Guid(d82c1b31c7e74239bff1220585707d2b) Importer(2089858483,192608db42251d675da83286b1cce702)
Start importing Assets/TextMesh Pro/Resources/LineBreaking Leading Characters.txt using Guid(d82c1b31c7e74239bff1220585707d2b) Importer(2089858483,192608db42251d675da83286b1cce702) (ScriptedImporter) -> (artifact id: '7c7e4500f89ac3fa0dce6c5a1960b19d') in 0.0201827 seconds
Number of updated asset objects reloaded before import = 0Number of asset objects unloaded after import = 1

========================================================================
Received Import Request.
  Time since last request: 0.000046 seconds.
  path: Assets/CartoonTracksPack1/Track1/Meshes/Prefab_Meshes/prop_arrow_short.FBX
  artifactKey: Guid(aa4c40250f6fe37488308808e9c759ac) Importer(2089858483,192608db42251d675da83286b1cce702)
Start importing Assets/CartoonTracksPack1/Track1/Meshes/Prefab_Meshes/prop_arrow_short.FBX using Guid(aa4c40250f6fe37488308808e9c759ac) Importer(2089858483,192608db42251d675da83286b1cce702) (ScriptedImporter) -> (artifact id: '7228d5c5517e3737154ff840bf55e5e2') in 0.1284311 seconds
Number of updated asset objects reloaded before import = 0Number of asset objects unloaded after import = 9

========================================================================
Received Import Request.
  Time since last request: 0.000042 seconds.
  path: Assets/CartoonTracksPack1/Track1/Meshes/Prefab_Meshes/prop_exitlights.FBX
  artifactKey: Guid(7edb15b750fc5914a9c8ee19b18b5137) Importer(2089858483,192608db42251d675da83286b1cce702)
Start importing Assets/CartoonTracksPack1/Track1/Meshes/Prefab_Meshes/prop_exitlights.FBX using Guid(7edb15b750fc5914a9c8ee19b18b5137) Importer(2089858483,192608db42251d675da83286b1cce702) (ScriptedImporter) -> (artifact id: '4a65a3d898c8cfd04acde080b37f3492') in 0.1396495 seconds
Number of updated asset objects reloaded before import = 0Number of asset objects unloaded after import = 15

========================================================================
Received Import Request.
  Time since last request: 0.000054 seconds.
  path: Assets/TextMesh Pro/Sprites/EmojiOne.json
  artifactKey: Guid(8f05276190cf498a8153f6cbe761d4e6) Importer(2089858483,192608db42251d675da83286b1cce702)
Start importing Assets/TextMesh Pro/Sprites/EmojiOne.json using Guid(8f05276190cf498a8153f6cbe761d4e6) Importer(2089858483,192608db42251d675da83286b1cce702) (ScriptedImporter) -> (artifact id: '040003798cae8bc4cd4fcbef124d32cf') in 0.0329751 seconds
Number of updated asset objects reloaded before import = 0Number of asset objects unloaded after import = 1

========================================================================
Received Import Request.
  Time since last request: 0.000091 seconds.
  path: Assets/CartoonTracksPack1/Track1/Meshes/Prefab_Meshes/prop_plastic_block.FBX
  artifactKey: Guid(4d1e2d72419d2684a9920ad951edbf11) Importer(2089858483,192608db42251d675da83286b1cce702)
Start importing Assets/CartoonTracksPack1/Track1/Meshes/Prefab_Meshes/prop_plastic_block.FBX using Guid(4d1e2d72419d2684a9920ad951edbf11) Importer(2089858483,192608db42251d675da83286b1cce702) (ScriptedImporter) -> (artifact id: 'e1aaac3f1f6b549971a09a02ae31d40c') in 0.1545212 seconds
Number of updated asset objects reloaded before import = 0Number of asset objects unloaded after import = 9

========================================================================
Received Import Request.
  Time since last request: 0.000058 seconds.
  path: Assets/TextMesh Pro/Shaders/TMP_SDF-Mobile Overlay.shader
  artifactKey: Guid(a02a7d8c237544f1962732b55a9aebf1) Importer(2089858483,192608db42251d675da83286b1cce702)
Start importing Assets/TextMesh Pro/Shaders/TMP_SDF-Mobile Overlay.shader using Guid(a02a7d8c237544f1962732b55a9aebf1) Importer(2089858483,192608db42251d675da83286b1cce702) (ScriptedImporter) -> (artifact id: 'd725ae96f0b5d3f94dcb775abc1cb5a4') in 0.0216246 seconds
Number of updated asset objects reloaded before import = 0Number of asset objects unloaded after import = 1

========================================================================
Received Import Request.
  Time since last request: 0.000038 seconds.
  path: Assets/CartoonTracksPack1/Track1/Meshes/Prefab_Meshes/prop_baloon_C.FBX
  artifactKey: Guid(328aadb935b3c864db0c3ee4fef17145) Importer(2089858483,192608db42251d675da83286b1cce702)
Start importing Assets/CartoonTracksPack1/Track1/Meshes/Prefab_Meshes/prop_baloon_C.FBX using Guid(328aadb935b3c864db0c3ee4fef17145) Importer(2089858483,192608db42251d675da83286b1cce702) (ScriptedImporter) -> (artifact id: '747d8efbc97d792adb4e1b34ecc1918b') in 0.0488603 seconds
Number of updated asset objects reloaded before import = 0Number of asset objects unloaded after import = 9

========================================================================
Received Import Request.
  Time since last request: 0.000032 seconds.
  path: Assets/TextMesh Pro/Shaders/TMPro.cginc
  artifactKey: Guid(407bc68d299748449bbf7f48ee690f8d) Importer(2089858483,192608db42251d675da83286b1cce702)
Start importing Assets/TextMesh Pro/Shaders/TMPro.cginc using Guid(407bc68d299748449bbf7f48ee690f8d) Importer(2089858483,192608db42251d675da83286b1cce702) (ScriptedImporter) -> (artifact id: 'a5fce5c93b88c8347add26e218f43bd8') in 0.0320191 seconds
Number of updated asset objects reloaded before import = 0Number of asset objects unloaded after import = 1

========================================================================
Received Import Request.
  Time since last request: 0.000020 seconds.
  path: Assets/CartoonTracksPack1/Track1/Meshes/Prefab_Meshes/prop_team_1.FBX
  artifactKey: Guid(9ec1a48af7c4ad04c8a4b2bf7e08fbe3) Importer(2089858483,192608db42251d675da83286b1cce702)
Start importing Assets/CartoonTracksPack1/Track1/Meshes/Prefab_Meshes/prop_team_1.FBX using Guid(9ec1a48af7c4ad04c8a4b2bf7e08fbe3) Importer(2089858483,192608db42251d675da83286b1cce702) (ScriptedImporter) -> (artifact id: '357190ef67f4e2c2c08173fe58e782ec') in 0.1385491 seconds
Number of updated asset objects reloaded before import = 0Number of asset objects unloaded after import = 9

========================================================================
Received Import Request.
  Time since last request: 0.000030 seconds.
  path: Assets/CartoonTracksPack1/Track1/Textures/metal_fence.psd
  artifactKey: Guid(aa8d667836d07af4395a226ace329e1d) Importer(2089858483,192608db42251d675da83286b1cce702)
Start importing Assets/CartoonTracksPack1/Track1/Textures/metal_fence.psd using Guid(aa8d667836d07af4395a226ace329e1d) Importer(2089858483,192608db42251d675da83286b1cce702) (ScriptedImporter) -> (artifact id: 'fe63703c6fc330993471989696bc0aff') in 0.0317848 seconds
Number of updated asset objects reloaded before import = 0Number of asset objects unloaded after import = 1

========================================================================
Received Import Request.
  Time since last request: 0.000033 seconds.
  path: Assets/CartoonTracksPack1/Track1/Meshes/Prefab_Meshes/prop_startline.FBX
  artifactKey: Guid(36cdd4d2346367e458337efdef06e9ed) Importer(2089858483,192608db42251d675da83286b1cce702)
Start importing Assets/CartoonTracksPack1/Track1/Meshes/Prefab_Meshes/prop_startline.FBX using Guid(36cdd4d2346367e458337efdef06e9ed) Importer(2089858483,192608db42251d675da83286b1cce702) (ScriptedImporter) -> (artifact id: '73ce71204e448c013171de063763e044') in 0.0392329 seconds
Number of updated asset objects reloaded before import = 0Number of asset objects unloaded after import = 8

========================================================================
Received Import Request.
  Time since last request: 0.000019 seconds.
  path: Assets/Materials/Materials/14153be45273267bc247651dcf17e79f.mat
  artifactKey: Guid(072d5519e79b67041b36122efcbb54f4) Importer(2089858483,192608db42251d675da83286b1cce702)
Start importing Assets/Materials/Materials/14153be45273267bc247651dcf17e79f.mat using Guid(072d5519e79b67041b36122efcbb54f4) Importer(2089858483,192608db42251d675da83286b1cce702) (ScriptedImporter) -> (artifact id: '22868cccf81e92cc7271b1c0617672ba') in 0.0236975 seconds
Number of updated asset objects reloaded before import = 0Number of asset objects unloaded after import = 2

========================================================================
Received Import Request.
  Time since last request: 0.000018 seconds.
  path: Assets/CartoonTracksPack1/Track1/Meshes/Prefab_Meshes/prop_seats_small.FBX
  artifactKey: Guid(ced37f482f4e97f43b934ec6f4aaa2b0) Importer(2089858483,192608db42251d675da83286b1cce702)
Start importing Assets/CartoonTracksPack1/Track1/Meshes/Prefab_Meshes/prop_seats_small.FBX using Guid(ced37f482f4e97f43b934ec6f4aaa2b0) Importer(2089858483,192608db42251d675da83286b1cce702) (ScriptedImporter) -> (artifact id: 'a92c0611c07ae355dead8970f41813c3') in 0.109298 seconds
Number of updated asset objects reloaded before import = 0Number of asset objects unloaded after import = 9

========================================================================
Received Import Request.
  Time since last request: 0.000030 seconds.
  path: Assets/Materials/eb87ebf01a09e65ea771d49fa2034f6c.mat
  artifactKey: Guid(d5417f9553b1b6d41904847815d84ee0) Importer(2089858483,192608db42251d675da83286b1cce702)
Start importing Assets/Materials/eb87ebf01a09e65ea771d49fa2034f6c.mat using Guid(d5417f9553b1b6d41904847815d84ee0) Importer(2089858483,192608db42251d675da83286b1cce702) (ScriptedImporter) -> (artifact id: '8cc08833e9ec9af78ae79486497dffa8') in 0.0242497 seconds
Number of updated asset objects reloaded before import = 0Number of asset objects unloaded after import = 2

========================================================================
Received Import Request.
  Time since last request: 0.000034 seconds.
  path: Assets/CartoonTracksPack1/Track1/Meshes/Materials/TYRES.mat
  artifactKey: Guid(2ff9da5d823d0a3469b61591d4103e18) Importer(2089858483,192608db42251d675da83286b1cce702)
Start importing Assets/CartoonTracksPack1/Track1/Meshes/Materials/TYRES.mat using Guid(2ff9da5d823d0a3469b61591d4103e18) Importer(2089858483,192608db42251d675da83286b1cce702) (ScriptedImporter) -> (artifact id: 'd644953d6060b5583811442e4d4fc104') in 0.031102 seconds
Number of updated asset objects reloaded before import = 0Number of asset objects unloaded after import = 3

========================================================================
Received Import Request.
  Time since last request: 0.000024 seconds.
  path: Assets/CartoonTracksPack1/Track1/Meshes/Prefab_Meshes/prop_pitwall.FBX
  artifactKey: Guid(0d6abd223e93cf44095fb008e6781ace) Importer(2089858483,192608db42251d675da83286b1cce702)
Start importing Assets/CartoonTracksPack1/Track1/Meshes/Prefab_Meshes/prop_pitwall.FBX using Guid(0d6abd223e93cf44095fb008e6781ace) Importer(2089858483,192608db42251d675da83286b1cce702) (ScriptedImporter) -> (artifact id: '84854524211acf9fb3843418ea94ed07') in 0.1129978 seconds
Number of updated asset objects reloaded before import = 0Number of asset objects unloaded after import = 9

========================================================================
Received Import Request.
  Time since last request: 0.000130 seconds.
  path: Assets/CartoonTracksPack1/Track1/Meshes/Prefab_Meshes/prop_tree_D.FBX
  artifactKey: Guid(11c76aa6fa9e7ab459b33ba9dee84027) Importer(2089858483,192608db42251d675da83286b1cce702)
Start importing Assets/CartoonTracksPack1/Track1/Meshes/Prefab_Meshes/prop_tree_D.FBX using Guid(11c76aa6fa9e7ab459b33ba9dee84027) Importer(2089858483,192608db42251d675da83286b1cce702) (ScriptedImporter) -> (artifact id: '78c5ac5a0154534de570128bc99c52fe') in 0.0532811 seconds
Number of updated asset objects reloaded before import = 0Number of asset objects unloaded after import = 9

========================================================================
Received Import Request.
  Time since last request: 0.000046 seconds.
  path: Assets/TextMesh Pro/Shaders/TMP_SDF-URP Unlit.shadergraph
  artifactKey: Guid(124c112a6e8f1a54e8b0870e881b56d8) Importer(2089858483,192608db42251d675da83286b1cce702)
Start importing Assets/TextMesh Pro/Shaders/TMP_SDF-URP Unlit.shadergraph using Guid(124c112a6e8f1a54e8b0870e881b56d8) Importer(2089858483,192608db42251d675da83286b1cce702) (ScriptedImporter) -> (artifact id: 'f35fe943b08411bad954386c10d32cab') in 0.0669572 seconds
Number of updated asset objects reloaded before import = 0Number of asset objects unloaded after import = 4

========================================================================
Received Import Request.
  Time since last request: 0.000029 seconds.
  path: Assets/Random/cannaster 1.mtl
  artifactKey: Guid(e77dda8b25cd8864cae1fb63171bbc93) Importer(2089858483,192608db42251d675da83286b1cce702)
Start importing Assets/Random/cannaster 1.mtl using Guid(e77dda8b25cd8864cae1fb63171bbc93) Importer(2089858483,192608db42251d675da83286b1cce702) (ScriptedImporter) -> (artifact id: '1ba91bf7645528690bce4e63c4e17312') in 0.020955 seconds
Number of updated asset objects reloaded before import = 0Number of asset objects unloaded after import = 1

========================================================================
Received Import Request.
  Time since last request: 0.000031 seconds.
  path: Assets/CartoonTracksPack1/Track1/Meshes/Materials/START_LEDS.mat
  artifactKey: Guid(ec63e2f99ff7d0c4ba51bea1b8e48be6) Importer(2089858483,192608db42251d675da83286b1cce702)
Start importing Assets/CartoonTracksPack1/Track1/Meshes/Materials/START_LEDS.mat using Guid(ec63e2f99ff7d0c4ba51bea1b8e48be6) Importer(2089858483,192608db42251d675da83286b1cce702) (ScriptedImporter) -> (artifact id: '7a4a71c0f9935b82d69687e82d8eae32') in 0.0265811 seconds
Number of updated asset objects reloaded before import = 0Number of asset objects unloaded after import = 1

========================================================================
Received Import Request.
  Time since last request: 0.000041 seconds.
  path: Assets/CartoonTracksPack1/Track1/Meshes/Prefab_Meshes/prop_wall_B.FBX
  artifactKey: Guid(1ca723527db231e44ab816b73689a9c3) Importer(2089858483,192608db42251d675da83286b1cce702)
Start importing Assets/CartoonTracksPack1/Track1/Meshes/Prefab_Meshes/prop_wall_B.FBX using Guid(1ca723527db231e44ab816b73689a9c3) Importer(2089858483,192608db42251d675da83286b1cce702) (ScriptedImporter) -> (artifact id: 'd14396840daa7b0a02ac96864f71eece') in 0.1178631 seconds
Number of updated asset objects reloaded before import = 0Number of asset objects unloaded after import = 9

========================================================================
Received Import Request.
  Time since last request: 0.000038 seconds.
  path: Assets/CartoonTracksPack1/Track1/Meshes/Prefab_Meshes/prop_wall_A.FBX
  artifactKey: Guid(ff56c49c99f025a4a8f41d91fe5b7b1e) Importer(2089858483,192608db42251d675da83286b1cce702)
Start importing Assets/CartoonTracksPack1/Track1/Meshes/Prefab_Meshes/prop_wall_A.FBX using Guid(ff56c49c99f025a4a8f41d91fe5b7b1e) Importer(2089858483,192608db42251d675da83286b1cce702) (ScriptedImporter) -> (artifact id: '689046213c48f6a8cf4f3b2f48980bd0') in 0.1508108 seconds
Number of updated asset objects reloaded before import = 0Number of asset objects unloaded after import = 16

========================================================================
Received Import Request.
  Time since last request: 0.000034 seconds.
  path: Assets/CartoonTracksPack1/Track1/Meshes/Prefab_Meshes/prop_tree_B.FBX
  artifactKey: Guid(c7e3110bb2d950a4abb8ce4f5506a2b3) Importer(2089858483,192608db42251d675da83286b1cce702)
Start importing Assets/CartoonTracksPack1/Track1/Meshes/Prefab_Meshes/prop_tree_B.FBX using Guid(c7e3110bb2d950a4abb8ce4f5506a2b3) Importer(2089858483,192608db42251d675da83286b1cce702) (ScriptedImporter) -> (artifact id: '133c2e88fd7ab518e7b1dbfb907d835b') in 0.0484913 seconds
Number of updated asset objects reloaded before import = 0Number of asset objects unloaded after import = 9

========================================================================
Received Import Request.
  Time since last request: 0.000040 seconds.
  path: Assets/CartoonTracksPack1/Track1/Prefabs/Props/prop_cone.prefab
  artifactKey: Guid(f863c92e4102c904da932b0a140c4ab2) Importer(2089858483,192608db42251d675da83286b1cce702)
Start importing Assets/CartoonTracksPack1/Track1/Prefabs/Props/prop_cone.prefab using Guid(f863c92e4102c904da932b0a140c4ab2) Importer(2089858483,192608db42251d675da83286b1cce702) (ScriptedImporter) -> (artifact id: '5a69e140c7bab726f60ff641ee4c4757') in 0.0511282 seconds
Number of updated asset objects reloaded before import = 0Number of asset objects unloaded after import = 8

========================================================================
Received Import Request.
  Time since last request: 0.000028 seconds.
  path: Assets/CartoonTracksPack1/Track1/Prefabs/Props/prop_distance_2.prefab
  artifactKey: Guid(68b9cdf2eb758e547bcf47d661c63882) Importer(2089858483,192608db42251d675da83286b1cce702)
Start importing Assets/CartoonTracksPack1/Track1/Prefabs/Props/prop_distance_2.prefab using Guid(68b9cdf2eb758e547bcf47d661c63882) Importer(2089858483,192608db42251d675da83286b1cce702) (ScriptedImporter) -> (artifact id: 'db74c2a26c9a98a35b32147c6a463d6e') in 0.0501652 seconds
Number of updated asset objects reloaded before import = 0Number of asset objects unloaded after import = 8

========================================================================
Received Import Request.
  Time since last request: 0.000029 seconds.
  path: Assets/CartoonTracksPack1/Track1/Meshes/Materials/BALOONS.mat
  artifactKey: Guid(00401932eb16a164d8c8cf5024c81370) Importer(2089858483,192608db42251d675da83286b1cce702)
Start importing Assets/CartoonTracksPack1/Track1/Meshes/Materials/BALOONS.mat using Guid(00401932eb16a164d8c8cf5024c81370) Importer(2089858483,192608db42251d675da83286b1cce702) (ScriptedImporter) -> (artifact id: '6474b4772dab9b0f18eb40ea3045040f') in 0.0399334 seconds
Number of updated asset objects reloaded before import = 0Number of asset objects unloaded after import = 2

========================================================================
Received Import Request.
  Time since last request: 0.000049 seconds.
  path: Assets/Random/fanwithhat.mtl
  artifactKey: Guid(23afb59b6557f114797421aa6c9d5efb) Importer(2089858483,192608db42251d675da83286b1cce702)
Start importing Assets/Random/fanwithhat.mtl using Guid(23afb59b6557f114797421aa6c9d5efb) Importer(2089858483,192608db42251d675da83286b1cce702) (ScriptedImporter) -> (artifact id: '4d4640e978c33b980aa5efc5e0701ccf') in 0.0174784 seconds
Number of updated asset objects reloaded before import = 0Number of asset objects unloaded after import = 1

========================================================================
Received Import Request.
  Time since last request: 0.000024 seconds.
  path: Assets/CartoonTracksPack1/Track1/Prefabs/Props/prop_startline.prefab
  artifactKey: Guid(0ac7649b22d33864c9cf79c3ba4b3456) Importer(2089858483,192608db42251d675da83286b1cce702)
Start importing Assets/CartoonTracksPack1/Track1/Prefabs/Props/prop_startline.prefab using Guid(0ac7649b22d33864c9cf79c3ba4b3456) Importer(2089858483,192608db42251d675da83286b1cce702) (ScriptedImporter) -> (artifact id: 'e831def65de846b84c32eade611ab924') in 0.0504857 seconds
Number of updated asset objects reloaded before import = 0Number of asset objects unloaded after import = 8

========================================================================
Received Import Request.
  Time since last request: 0.000024 seconds.
  path: Assets/CartoonTracksPack1/Track1/Prefabs/Props/prop_startlights.prefab
  artifactKey: Guid(96412b3f37e36db428c1a5ebe790fbe1) Importer(2089858483,192608db42251d675da83286b1cce702)
Start importing Assets/CartoonTracksPack1/Track1/Prefabs/Props/prop_startlights.prefab using Guid(96412b3f37e36db428c1a5ebe790fbe1) Importer(2089858483,192608db42251d675da83286b1cce702) (ScriptedImporter) -> (artifact id: 'e443e75747e884c1fc13caed92b4865a') in 0.0634165 seconds
Number of updated asset objects reloaded before import = 0Number of asset objects unloaded after import = 33

========================================================================
Received Import Request.
  Time since last request: 0.000081 seconds.
  path: Assets/Scripts/CarController.cs
  artifactKey: Guid(17b9ffda8a404834e8dc8445fa61dee5) Importer(2089858483,192608db42251d675da83286b1cce702)
Start importing Assets/Scripts/CarController.cs using Guid(17b9ffda8a404834e8dc8445fa61dee5) Importer(2089858483,192608db42251d675da83286b1cce702) (ScriptedImporter) -> (artifact id: 'e94a4b9a72dc0e0e0673f84d564809d3') in 0.0187371 seconds
Number of updated asset objects reloaded before import = 0Number of asset objects unloaded after import = 0

========================================================================
Received Import Request.
  Time since last request: 0.000045 seconds.
  path: Assets/CartoonTracksPack1/Track1/Meshes/Prefab_Meshes/prop_team_9.FBX
  artifactKey: Guid(3cbc8db4aa2c3c541ae38a9e67728ea9) Importer(2089858483,192608db42251d675da83286b1cce702)
Start importing Assets/CartoonTracksPack1/Track1/Meshes/Prefab_Meshes/prop_team_9.FBX using Guid(3cbc8db4aa2c3c541ae38a9e67728ea9) Importer(2089858483,192608db42251d675da83286b1cce702) (ScriptedImporter) -> (artifact id: '8788820fe1e67fbc57b6864e89ae3c3d') in 0.1190373 seconds
Number of updated asset objects reloaded before import = 0Number of asset objects unloaded after import = 9

========================================================================
Received Import Request.
  Time since last request: 0.000035 seconds.
  path: Assets/CartoonTracksPack1/Track1/Prefabs/Track/oval_mod_lamps.prefab
  artifactKey: Guid(cae49809804330a498981fb4fd11d70e) Importer(2089858483,192608db42251d675da83286b1cce702)
Start importing Assets/CartoonTracksPack1/Track1/Prefabs/Track/oval_mod_lamps.prefab using Guid(cae49809804330a498981fb4fd11d70e) Importer(2089858483,192608db42251d675da83286b1cce702) (ScriptedImporter) -> (artifact id: 'c0f5adf50e9395b49f5c10d43c050e4e') in 0.0448817 seconds
Number of updated asset objects reloaded before import = 0Number of asset objects unloaded after import = 24

========================================================================
Received Import Request.
  Time since last request: 0.000031 seconds.
  path: Assets/CartoonTracksPack1/Track1/Prefabs/Track/oval_complete_colliders.prefab
  artifactKey: Guid(a3ce4271597121f44869d10a0a567d64) Importer(2089858483,192608db42251d675da83286b1cce702)
Start importing Assets/CartoonTracksPack1/Track1/Prefabs/Track/oval_complete_colliders.prefab using Guid(a3ce4271597121f44869d10a0a567d64) Importer(2089858483,192608db42251d675da83286b1cce702) (ScriptedImporter) -> (artifact id: 'f2d6438c99d6bce07eb42a974a6127b8') in 0.050089 seconds
Number of updated asset objects reloaded before import = 0Number of asset objects unloaded after import = 250

========================================================================
Received Import Request.
  Time since last request: 0.000048 seconds.
  path: Assets/Settings/PC_PipelineAsset.asset
  artifactKey: Guid(cfeae01e9ea988543988452aae722cf1) Importer(2089858483,192608db42251d675da83286b1cce702)
Start importing Assets/Settings/PC_PipelineAsset.asset using Guid(cfeae01e9ea988543988452aae722cf1) Importer(2089858483,192608db42251d675da83286b1cce702) (ScriptedImporter) -> (artifact id: '124412a1201bb94483f9becb6d345465') in 0.0493368 seconds
Number of updated asset objects reloaded before import = 0Number of asset objects unloaded after import = 1

========================================================================
Received Import Request.
  Time since last request: 0.000049 seconds.
  path: Assets/CartoonTracksPack1/Track1/Meshes/Prefab_Meshes/prop_team_7.FBX
  artifactKey: Guid(7ece094ea3c4fc64ca4a33dc7278fb22) Importer(2089858483,192608db42251d675da83286b1cce702)
Start importing Assets/CartoonTracksPack1/Track1/Meshes/Prefab_Meshes/prop_team_7.FBX using Guid(7ece094ea3c4fc64ca4a33dc7278fb22) Importer(2089858483,192608db42251d675da83286b1cce702) (ScriptedImporter) -> (artifact id: 'b98d9313674add2869187f0349ea6588') in 0.1173864 seconds
Number of updated asset objects reloaded before import = 0Number of asset objects unloaded after import = 9

========================================================================
Received Import Request.
  Time since last request: 0.000033 seconds.
  path: Assets/CartoonTracksPack1/Track1/Meshes/Track_Meshes/OvalModular/oval_mod_bridges.FBX
  artifactKey: Guid(c4eee92969bfaa34cba0efaa840aa719) Importer(2089858483,192608db42251d675da83286b1cce702)
Start importing Assets/CartoonTracksPack1/Track1/Meshes/Track_Meshes/OvalModular/oval_mod_bridges.FBX using Guid(c4eee92969bfaa34cba0efaa840aa719) Importer(2089858483,192608db42251d675da83286b1cce702) (ScriptedImporter) -> (artifact id: 'ae99f74d2f233b7f587c3d672af0de36') in 0.1415408 seconds
Number of updated asset objects reloaded before import = 0Number of asset objects unloaded after import = 81

========================================================================
Received Import Request.
  Time since last request: 0.000051 seconds.
  path: Assets/CartoonTracksPack1/Track1/Meshes/Track_Meshes/OvalModular/oval_mod_lamps.FBX
  artifactKey: Guid(db7a40bb7dd68c34a810723c4eadedba) Importer(2089858483,192608db42251d675da83286b1cce702)
Start importing Assets/CartoonTracksPack1/Track1/Meshes/Track_Meshes/OvalModular/oval_mod_lamps.FBX using Guid(db7a40bb7dd68c34a810723c4eadedba) Importer(2089858483,192608db42251d675da83286b1cce702) (ScriptedImporter) -> (artifact id: 'd7838818ba42b606aa871c72f2f1bcd0') in 0.1166806 seconds
Number of updated asset objects reloaded before import = 0Number of asset objects unloaded after import = 31

========================================================================
Received Import Request.
  Time since last request: 0.000046 seconds.
  path: Assets/CartoonTracksPack1/Track1/Meshes/Prefab_Meshes/prop_barrier_1M.FBX
  artifactKey: Guid(c7d713d0bc80df64f8623efbc82f2bfd) Importer(2089858483,192608db42251d675da83286b1cce702)
Start importing Assets/CartoonTracksPack1/Track1/Meshes/Prefab_Meshes/prop_barrier_1M.FBX using Guid(c7d713d0bc80df64f8623efbc82f2bfd) Importer(2089858483,192608db42251d675da83286b1cce702) (ScriptedImporter) -> (artifact id: 'ef1783358b3b1f06a5eb74157a0c20f5') in 0.0464662 seconds
Number of updated asset objects reloaded before import = 0Number of asset objects unloaded after import = 9

========================================================================
Received Import Request.
  Time since last request: 0.000036 seconds.
  path: Assets/CartoonTracksPack1/Track1/Prefabs/Props/Baloons/prop_baloon_C.prefab
  artifactKey: Guid(79dba878759f2a34eb4af105c6c5bb20) Importer(2089858483,192608db42251d675da83286b1cce702)
Start importing Assets/CartoonTracksPack1/Track1/Prefabs/Props/Baloons/prop_baloon_C.prefab using Guid(79dba878759f2a34eb4af105c6c5bb20) Importer(2089858483,192608db42251d675da83286b1cce702) (ScriptedImporter) -> (artifact id: 'eebd6e73d633dd8cf95c0d4d5837506a') in 0.0418776 seconds
Number of updated asset objects reloaded before import = 0Number of asset objects unloaded after import = 8

========================================================================
Received Import Request.
  Time since last request: 0.000045 seconds.
  path: Assets/CartoonTracksPack1/Track1/Meshes/Track_Meshes/OvalModular/oval_mod_startlights.FBX
  artifactKey: Guid(f44081eb2ff29c24d8e610a7eda002e4) Importer(2089858483,192608db42251d675da83286b1cce702)
Start importing Assets/CartoonTracksPack1/Track1/Meshes/Track_Meshes/OvalModular/oval_mod_startlights.FBX using Guid(f44081eb2ff29c24d8e610a7eda002e4) Importer(2089858483,192608db42251d675da83286b1cce702) (ScriptedImporter) -> (artifact id: 'a56a13781d9f990f52ec84fab8efef64') in 0.1148926 seconds
Number of updated asset objects reloaded before import = 0Number of asset objects unloaded after import = 47

========================================================================
Received Import Request.
  Time since last request: 0.000053 seconds.
  path: Assets/CartoonTracksPack1/Track1/Meshes/Track_Meshes/OvalModular/oval_mod_walls.FBX
  artifactKey: Guid(da5412f428dfcdf438602dca80ddfb29) Importer(2089858483,192608db42251d675da83286b1cce702)
Start importing Assets/CartoonTracksPack1/Track1/Meshes/Track_Meshes/OvalModular/oval_mod_walls.FBX using Guid(da5412f428dfcdf438602dca80ddfb29) Importer(2089858483,192608db42251d675da83286b1cce702) (ScriptedImporter) -> (artifact id: '938ed9f42a3d51566298108a6d8b45c0') in 0.2019602 seconds
Number of updated asset objects reloaded before import = 0Number of asset objects unloaded after import = 233

========================================================================
Received Import Request.
  Time since last request: 0.000040 seconds.
  path: Assets/CartoonTracksPack1/Track1/Prefabs/Props/Baloons/prop_baloon_F.prefab
  artifactKey: Guid(8fafc21f40d96fa46ae157a11f9f91c9) Importer(2089858483,192608db42251d675da83286b1cce702)
Start importing Assets/CartoonTracksPack1/Track1/Prefabs/Props/Baloons/prop_baloon_F.prefab using Guid(8fafc21f40d96fa46ae157a11f9f91c9) Importer(2089858483,192608db42251d675da83286b1cce702) (ScriptedImporter) -> (artifact id: 'cfbf17bc7fa96769b3b883e5bb199525') in 0.0503785 seconds
Number of updated asset objects reloaded before import = 0Number of asset objects unloaded after import = 8

========================================================================
Received Import Request.
  Time since last request: 0.000051 seconds.
  path: Assets/CartoonTracksPack1/Track1/Prefabs/Props/Baloons/prop_baloon_I.prefab
  artifactKey: Guid(b018de3e7b27816459bcead89b4c2760) Importer(2089858483,192608db42251d675da83286b1cce702)
Start importing Assets/CartoonTracksPack1/Track1/Prefabs/Props/Baloons/prop_baloon_I.prefab using Guid(b018de3e7b27816459bcead89b4c2760) Importer(2089858483,192608db42251d675da83286b1cce702) (ScriptedImporter) -> (artifact id: '5ad21854c3a03a34b0ea0fd3271e156c') in 0.0468016 seconds
Number of updated asset objects reloaded before import = 0Number of asset objects unloaded after import = 8

========================================================================
Received Import Request.
  Time since last request: 0.000026 seconds.
  path: Assets/Materials/Materials/3d3d5d7dd614cf3b680b1f987c3b3ff7.mat
  artifactKey: Guid(c3f01d38c9116ca4bb2eaaedd4bdeaa6) Importer(2089858483,192608db42251d675da83286b1cce702)
Start importing Assets/Materials/Materials/3d3d5d7dd614cf3b680b1f987c3b3ff7.mat using Guid(c3f01d38c9116ca4bb2eaaedd4bdeaa6) Importer(2089858483,192608db42251d675da83286b1cce702) (ScriptedImporter) -> (artifact id: '970cfe0722a76ffe35e47235a5547023') in 0.0262745 seconds
Number of updated asset objects reloaded before import = 0Number of asset objects unloaded after import = 2

========================================================================
Received Import Request.
  Time since last request: 0.000023 seconds.
  path: Assets/CartoonTracksPack1/Track1/Meshes/Materials/TREES.mat
  artifactKey: Guid(6c9add16078538c469efa51ad44d8d7f) Importer(2089858483,192608db42251d675da83286b1cce702)
Start importing Assets/CartoonTracksPack1/Track1/Meshes/Materials/TREES.mat using Guid(6c9add16078538c469efa51ad44d8d7f) Importer(2089858483,192608db42251d675da83286b1cce702) (ScriptedImporter) -> (artifact id: 'fca6c3b57fba97f5a098562606c604d4') in 0.0337384 seconds
Number of updated asset objects reloaded before import = 0Number of asset objects unloaded after import = 2

========================================================================
Received Import Request.
  Time since last request: 0.000029 seconds.
  path: Assets/Materials/defaultMat.mat
  artifactKey: Guid(0deb71cc17892bc44b377800f53a8fa3) Importer(2089858483,192608db42251d675da83286b1cce702)
Start importing Assets/Materials/defaultMat.mat using Guid(0deb71cc17892bc44b377800f53a8fa3) Importer(2089858483,192608db42251d675da83286b1cce702) (ScriptedImporter) -> (artifact id: 'f7b870df888ea83f0a8b3f00e8616741') in 0.0521271 seconds
Number of updated asset objects reloaded before import = 0Number of asset objects unloaded after import = 1

========================================================================
Received Import Request.
  Time since last request: 0.000043 seconds.
  path: Assets/CartoonTracksPack1/Track1/Prefabs/Props/Banners/prop_banner_www_A.prefab
  artifactKey: Guid(389f421d38d0075498ea9969c5e6b0af) Importer(2089858483,192608db42251d675da83286b1cce702)
Start importing Assets/CartoonTracksPack1/Track1/Prefabs/Props/Banners/prop_banner_www_A.prefab using Guid(389f421d38d0075498ea9969c5e6b0af) Importer(2089858483,192608db42251d675da83286b1cce702) (ScriptedImporter) -> (artifact id: '2ccd745c55f54b48157ab36a163111bc') in 0.0747157 seconds
Number of updated asset objects reloaded before import = 0Number of asset objects unloaded after import = 8

========================================================================
Received Import Request.
  Time since last request: 0.000031 seconds.
  path: Assets/CartoonTracksPack1/Track1/Prefabs/Props/Banners/prop_banner_www_B.prefab
  artifactKey: Guid(2e734c5161b637d419bda9be855e3cf3) Importer(2089858483,192608db42251d675da83286b1cce702)
Start importing Assets/CartoonTracksPack1/Track1/Prefabs/Props/Banners/prop_banner_www_B.prefab using Guid(2e734c5161b637d419bda9be855e3cf3) Importer(2089858483,192608db42251d675da83286b1cce702) (ScriptedImporter) -> (artifact id: 'd3b51e6f0696f382c8532971a89d135f') in 0.0480162 seconds
Number of updated asset objects reloaded before import = 0Number of asset objects unloaded after import = 8

========================================================================
Received Import Request.
  Time since last request: 0.000047 seconds.
  path: Assets/CartoonTracksPack1/Track1/Prefabs/Track/oval_mod_trees.prefab
  artifactKey: Guid(95fa7fc8bfed17d498b877fadc1697fc) Importer(2089858483,192608db42251d675da83286b1cce702)
Start importing Assets/CartoonTracksPack1/Track1/Prefabs/Track/oval_mod_trees.prefab using Guid(95fa7fc8bfed17d498b877fadc1697fc) Importer(2089858483,192608db42251d675da83286b1cce702) (ScriptedImporter) -> (artifact id: 'dce0eb6c9d33687ff92e6c1a372f52ef') in 0.1617468 seconds
Number of updated asset objects reloaded before import = 0Number of asset objects unloaded after import = 129

========================================================================
Received Import Request.
  Time since last request: 0.000056 seconds.
  path: Assets/CartoonTracksPack1/Track1/Prefabs/Props/Team Signs/prop_team_13.prefab
  artifactKey: Guid(56eb2457054d33841820e62ae0a64ce1) Importer(2089858483,192608db42251d675da83286b1cce702)
Start importing Assets/CartoonTracksPack1/Track1/Prefabs/Props/Team Signs/prop_team_13.prefab using Guid(56eb2457054d33841820e62ae0a64ce1) Importer(2089858483,192608db42251d675da83286b1cce702) (ScriptedImporter) -> (artifact id: '1ceb35c6b6e851629ad55f8f9082c519') in 0.0591694 seconds
Number of updated asset objects reloaded before import = 0Number of asset objects unloaded after import = 8

========================================================================
Received Import Request.
  Time since last request: 0.000029 seconds.
  path: Assets/CartoonTracksPack1/Track1/Prefabs/Props/Barriers/prop_barrier_2M.prefab
  artifactKey: Guid(808e1826575c4c14b9c27c0a6c1c5dd3) Importer(2089858483,192608db42251d675da83286b1cce702)
Start importing Assets/CartoonTracksPack1/Track1/Prefabs/Props/Barriers/prop_barrier_2M.prefab using Guid(808e1826575c4c14b9c27c0a6c1c5dd3) Importer(2089858483,192608db42251d675da83286b1cce702) (ScriptedImporter) -> (artifact id: 'c48acd1b9ba25cfbe1ba4bb97df682c6') in 0.0398585 seconds
Number of updated asset objects reloaded before import = 0Number of asset objects unloaded after import = 8

========================================================================
Received Import Request.
  Time since last request: 0.000029 seconds.
  path: Assets/CartoonTracksPack1/Track1/Meshes/Track_Meshes/OvalModular/oval_mod_tyres.FBX
  artifactKey: Guid(7190964c445f2324f9f142d693d3a05c) Importer(2089858483,192608db42251d675da83286b1cce702)
Start importing Assets/CartoonTracksPack1/Track1/Meshes/Track_Meshes/OvalModular/oval_mod_tyres.FBX using Guid(7190964c445f2324f9f142d693d3a05c) Importer(2089858483,192608db42251d675da83286b1cce702) (ScriptedImporter) -> (artifact id: '1248711ebfc7fec199573a3b1f1bf17b') in 0.0947329 seconds
Number of updated asset objects reloaded before import = 0Number of asset objects unloaded after import = 141

========================================================================
Received Import Request.
  Time since last request: 0.000049 seconds.
  path: Assets/CartoonTracksPack1/Track1/Meshes/Prefab_Meshes/prop_team_13.FBX
  artifactKey: Guid(1b209cf38c483534a8d8a53d0cc08d80) Importer(2089858483,192608db42251d675da83286b1cce702)
Start importing Assets/CartoonTracksPack1/Track1/Meshes/Prefab_Meshes/prop_team_13.FBX using Guid(1b209cf38c483534a8d8a53d0cc08d80) Importer(2089858483,192608db42251d675da83286b1cce702) (ScriptedImporter) -> (artifact id: '16a878965dc9311073a815f019d04409') in 0.1132742 seconds
Number of updated asset objects reloaded before import = 0Number of asset objects unloaded after import = 9

========================================================================
Received Import Request.
  Time since last request: 0.000043 seconds.
  path: Assets/CartoonTracksPack1/Track1/Prefabs/Props/Team Signs/prop_team_20.prefab
  artifactKey: Guid(e0a89758fb0654b48a2be82e12edb889) Importer(2089858483,192608db42251d675da83286b1cce702)
Start importing Assets/CartoonTracksPack1/Track1/Prefabs/Props/Team Signs/prop_team_20.prefab using Guid(e0a89758fb0654b48a2be82e12edb889) Importer(2089858483,192608db42251d675da83286b1cce702) (ScriptedImporter) -> (artifact id: 'a83f16328fcc20e7a32d3234e75a7eaa') in 0.074283 seconds
Number of updated asset objects reloaded before import = 0Number of asset objects unloaded after import = 8

========================================================================
Received Import Request.
  Time since last request: 0.000053 seconds.
  path: Assets/CartoonTracksPack1/Track1/Prefabs/Props/Team Signs/prop_team_9.prefab
  artifactKey: Guid(ac1796265640f6d49b1dbdb62d476c00) Importer(2089858483,192608db42251d675da83286b1cce702)
Start importing Assets/CartoonTracksPack1/Track1/Prefabs/Props/Team Signs/prop_team_9.prefab using Guid(ac1796265640f6d49b1dbdb62d476c00) Importer(2089858483,192608db42251d675da83286b1cce702) (ScriptedImporter) -> (artifact id: '5d7ca7124f98cc6a8624e576561ad648') in 0.0595547 seconds
Number of updated asset objects reloaded before import = 0Number of asset objects unloaded after import = 8

========================================================================
Received Import Request.
  Time since last request: 0.000034 seconds.
  path: Assets/CartoonTracksPack1/Track1/Prefabs/Props/Team Signs/prop_team_19.prefab
  artifactKey: Guid(8e3d2ce2888b6eb469c56247d5337548) Importer(2089858483,192608db42251d675da83286b1cce702)
Start importing Assets/CartoonTracksPack1/Track1/Prefabs/Props/Team Signs/prop_team_19.prefab using Guid(8e3d2ce2888b6eb469c56247d5337548) Importer(2089858483,192608db42251d675da83286b1cce702) (ScriptedImporter) -> (artifact id: '979c3bf35af6388783ad344fd297ef69') in 0.0570078 seconds
Number of updated asset objects reloaded before import = 0Number of asset objects unloaded after import = 8

========================================================================
Received Import Request.
  Time since last request: 0.000032 seconds.
  path: Assets/CartoonTracksPack1/Track1/Meshes/Track_Meshes/OvalModular/oval_mod_barriers.FBX
  artifactKey: Guid(cfc9260e6c73b6e46a4e54bf6dbd9107) Importer(2089858483,192608db42251d675da83286b1cce702)
Start importing Assets/CartoonTracksPack1/Track1/Meshes/Track_Meshes/OvalModular/oval_mod_barriers.FBX using Guid(cfc9260e6c73b6e46a4e54bf6dbd9107) Importer(2089858483,192608db42251d675da83286b1cce702) (ScriptedImporter) -> (artifact id: '8215368dfbbbe36028a0f32def43bc0f') in 0.0450563 seconds
Number of updated asset objects reloaded before import = 0Number of asset objects unloaded after import = 46

========================================================================
Received Import Request.
  Time since last request: 0.000047 seconds.
  path: Assets/CartoonTracksPack1/Track1/Prefabs/Props/Trees/prop_tree_C.prefab
  artifactKey: Guid(3e58b23721850ae4bacbd7834af9bc89) Importer(2089858483,192608db42251d675da83286b1cce702)
Start importing Assets/CartoonTracksPack1/Track1/Prefabs/Props/Trees/prop_tree_C.prefab using Guid(3e58b23721850ae4bacbd7834af9bc89) Importer(2089858483,192608db42251d675da83286b1cce702) (ScriptedImporter) -> (artifact id: 'c738befa33af0f60cab7645ec6d89653') in 0.0626797 seconds
Number of updated asset objects reloaded before import = 0Number of asset objects unloaded after import = 8

========================================================================
Received Import Request.
  Time since last request: 0.000038 seconds.
  path: Assets/CartoonTracksPack1/Track1/Prefabs/Props/Trees/prop_tree_B.prefab
  artifactKey: Guid(8ccbdfea1e438c74a826fc801a40c19a) Importer(2089858483,192608db42251d675da83286b1cce702)
Start importing Assets/CartoonTracksPack1/Track1/Prefabs/Props/Trees/prop_tree_B.prefab using Guid(8ccbdfea1e438c74a826fc801a40c19a) Importer(2089858483,192608db42251d675da83286b1cce702) (ScriptedImporter) -> (artifact id: '48c7d3c03b435d9eaf104d5ce7374fe4') in 0.0410165 seconds
Number of updated asset objects reloaded before import = 0Number of asset objects unloaded after import = 8

========================================================================
Received Import Request.
  Time since last request: 0.000034 seconds.
  path: Assets/CartoonTracksPack1/Track1/Prefabs/Props/Tyres/prop_tyre_4x1_B.prefab
  artifactKey: Guid(959015518f1218a4cac02df950547865) Importer(2089858483,192608db42251d675da83286b1cce702)
Start importing Assets/CartoonTracksPack1/Track1/Prefabs/Props/Tyres/prop_tyre_4x1_B.prefab using Guid(959015518f1218a4cac02df950547865) Importer(2089858483,192608db42251d675da83286b1cce702) (ScriptedImporter) -> (artifact id: 'a50a4c0e53e1589ac7fe1e217ec301bc') in 0.0519911 seconds
Number of updated asset objects reloaded before import = 0Number of asset objects unloaded after import = 8

========================================================================
Received Import Request.
  Time since last request: 0.000043 seconds.
  path: Assets/CartoonTracksPack1/Track1/Prefabs/Props/prop_distance_1.prefab
  artifactKey: Guid(f2a6c94103fcb064ab365b61254538c3) Importer(2089858483,192608db42251d675da83286b1cce702)
Start importing Assets/CartoonTracksPack1/Track1/Prefabs/Props/prop_distance_1.prefab using Guid(f2a6c94103fcb064ab365b61254538c3) Importer(2089858483,192608db42251d675da83286b1cce702) (ScriptedImporter) -> (artifact id: 'ed7f82d34629b3bd8fa32ff9ff525b32') in 0.0714059 seconds
Number of updated asset objects reloaded before import = 0Number of asset objects unloaded after import = 8

========================================================================
Received Import Request.
  Time since last request: 0.000029 seconds.
  path: Assets/CartoonTracksPack1/Track1/Prefabs/Track/oval_mod_blocks.prefab
  artifactKey: Guid(f3b91a1b9d3bd0f41af30fd573263395) Importer(2089858483,192608db42251d675da83286b1cce702)
Start importing Assets/CartoonTracksPack1/Track1/Prefabs/Track/oval_mod_blocks.prefab using Guid(f3b91a1b9d3bd0f41af30fd573263395) Importer(2089858483,192608db42251d675da83286b1cce702) (ScriptedImporter) -> (artifact id: '9fd202397dfe70d665fb417c21642ec2') in 0.0439653 seconds
Number of updated asset objects reloaded before import = 0Number of asset objects unloaded after import = 54

========================================================================
Received Import Request.
  Time since last request: 0.000032 seconds.
  path: Assets/CartoonTracksPack1/Track1/Prefabs/Props/Baloons/prop_baloon_G.prefab
  artifactKey: Guid(ba7a4f6d879b6d140ae80c3ab4d24fc3) Importer(2089858483,192608db42251d675da83286b1cce702)
Start importing Assets/CartoonTracksPack1/Track1/Prefabs/Props/Baloons/prop_baloon_G.prefab using Guid(ba7a4f6d879b6d140ae80c3ab4d24fc3) Importer(2089858483,192608db42251d675da83286b1cce702) (ScriptedImporter) -> (artifact id: '8f040716bb69b65415815599ab640dfa') in 0.0432107 seconds
Number of updated asset objects reloaded before import = 0Number of asset objects unloaded after import = 8

========================================================================
Received Import Request.
  Time since last request: 0.000043 seconds.
  path: Assets/CartoonTracksPack1/Track1/Meshes/Track_Meshes/OvalModular/oval_mod_buildings.FBX
  artifactKey: Guid(0cb597630d4bb8f41a434afb692968df) Importer(2089858483,192608db42251d675da83286b1cce702)
Start importing Assets/CartoonTracksPack1/Track1/Meshes/Track_Meshes/OvalModular/oval_mod_buildings.FBX using Guid(0cb597630d4bb8f41a434afb692968df) Importer(2089858483,192608db42251d675da83286b1cce702) (ScriptedImporter) -> (artifact id: '35df6f8e2b6f9b86c2658341ed0a8799') in 0.1703333 seconds
Number of updated asset objects reloaded before import = 0Number of asset objects unloaded after import = 176

========================================================================
Received Import Request.
  Time since last request: 0.000038 seconds.
  path: Assets/CartoonTracksPack1/Track1/Prefabs/Props/Banners/prop_adbox_A.prefab
  artifactKey: Guid(6c524b96cebe56245b2bf666d7879a9a) Importer(2089858483,192608db42251d675da83286b1cce702)
Start importing Assets/CartoonTracksPack1/Track1/Prefabs/Props/Banners/prop_adbox_A.prefab using Guid(6c524b96cebe56245b2bf666d7879a9a) Importer(2089858483,192608db42251d675da83286b1cce702) (ScriptedImporter) -> (artifact id: '5acfa60d7c84a5152f5257e7116d7ec6') in 0.0623803 seconds
Number of updated asset objects reloaded before import = 0Number of asset objects unloaded after import = 9

========================================================================
Received Import Request.
  Time since last request: 0.000045 seconds.
  path: Assets/CartoonTracksPack1/Track1/Prefabs/Props/prop_seats_big.prefab
  artifactKey: Guid(5c111ab03fe42ee4b94566bd46ed2fc7) Importer(2089858483,192608db42251d675da83286b1cce702)
Start importing Assets/CartoonTracksPack1/Track1/Prefabs/Props/prop_seats_big.prefab using Guid(5c111ab03fe42ee4b94566bd46ed2fc7) Importer(2089858483,192608db42251d675da83286b1cce702) (ScriptedImporter) -> (artifact id: '8a963edb5d5bf1fb27415766c905f4db') in 0.060849 seconds
Number of updated asset objects reloaded before import = 0Number of asset objects unloaded after import = 8

========================================================================
Received Import Request.
  Time since last request: 0.000026 seconds.
  path: Assets/CartoonTracksPack1/Track1/Demo Scenes/complete_track_demo/LightingData.asset
  artifactKey: Guid(bd4782de4f740d64aa2b197ddabdd748) Importer(2089858483,192608db42251d675da83286b1cce702)
Start importing Assets/CartoonTracksPack1/Track1/Demo Scenes/complete_track_demo/LightingData.asset using Guid(bd4782de4f740d64aa2b197ddabdd748) Importer(2089858483,192608db42251d675da83286b1cce702) (ScriptedImporter) -> (artifact id: 'f6884c5cb39f87c61aaeabf70c2a2136') in 0.0211225 seconds
Number of updated asset objects reloaded before import = 0Number of asset objects unloaded after import = 2

========================================================================
Received Import Request.
  Time since last request: 0.000023 seconds.
  path: Assets/CartoonTracksPack1/Track1/Meshes/Prefab_Meshes/prop_team_20.FBX
  artifactKey: Guid(4d2ab033a89b16941afc1a9eb2d7ac05) Importer(2089858483,192608db42251d675da83286b1cce702)
Start importing Assets/CartoonTracksPack1/Track1/Meshes/Prefab_Meshes/prop_team_20.FBX using Guid(4d2ab033a89b16941afc1a9eb2d7ac05) Importer(2089858483,192608db42251d675da83286b1cce702) (ScriptedImporter) -> (artifact id: '08f4008ecbdd8bf93254d8397518d5b0') in 0.1005336 seconds
Number of updated asset objects reloaded before import = 0Number of asset objects unloaded after import = 9

========================================================================
Received Import Request.
  Time since last request: 0.000048 seconds.
  path: Assets/CartoonTracksPack1/Track1/Meshes/Track_Meshes/OvalModular/oval_mod_tents.FBX
  artifactKey: Guid(4cbb8f06602ba3b478f3c795260a25c0) Importer(2089858483,192608db42251d675da83286b1cce702)
Start importing Assets/CartoonTracksPack1/Track1/Meshes/Track_Meshes/OvalModular/oval_mod_tents.FBX using Guid(4cbb8f06602ba3b478f3c795260a25c0) Importer(2089858483,192608db42251d675da83286b1cce702) (ScriptedImporter) -> (artifact id: '6528649db0f8ca224878fd1e1a9b5fd6') in 0.1102435 seconds
Number of updated asset objects reloaded before import = 0Number of asset objects unloaded after import = 21

========================================================================
Received Import Request.
  Time since last request: 0.000053 seconds.
  path: Assets/Materials/Material.mat
  artifactKey: Guid(8a539d2b93770aa4d8af62710f7989af) Importer(2089858483,192608db42251d675da83286b1cce702)
Start importing Assets/Materials/Material.mat using Guid(8a539d2b93770aa4d8af62710f7989af) Importer(2089858483,192608db42251d675da83286b1cce702) (ScriptedImporter) -> (artifact id: 'a4565712448dc2330f300792da74abbd') in 0.0360191 seconds
Number of updated asset objects reloaded before import = 0Number of asset objects unloaded after import = 1

========================================================================
Received Import Request.
  Time since last request: 0.000032 seconds.
  path: Assets/CartoonTracksPack1/Track1/Meshes/Prefab_Meshes/prop_distance_1.FBX
  artifactKey: Guid(41a8c51d703306847bb822a8de712521) Importer(2089858483,192608db42251d675da83286b1cce702)
Start importing Assets/CartoonTracksPack1/Track1/Meshes/Prefab_Meshes/prop_distance_1.FBX using Guid(41a8c51d703306847bb822a8de712521) Importer(2089858483,192608db42251d675da83286b1cce702) (ScriptedImporter) -> (artifact id: '84b4a0979e6cb805c0f9818ccc4c8035') in 0.0988948 seconds
Number of updated asset objects reloaded before import = 0Number of asset objects unloaded after import = 9

========================================================================
Received Import Request.
  Time since last request: 0.000032 seconds.
  path: Assets/CartoonTracksPack1/Track1/Meshes/Prefab_Meshes/prop_baloon_J.FBX
  artifactKey: Guid(0a59197217127154eb4a7d23050dbd1d) Importer(2089858483,192608db42251d675da83286b1cce702)
Start importing Assets/CartoonTracksPack1/Track1/Meshes/Prefab_Meshes/prop_baloon_J.FBX using Guid(0a59197217127154eb4a7d23050dbd1d) Importer(2089858483,192608db42251d675da83286b1cce702) (ScriptedImporter) -> (artifact id: '8d13c00ddafb95f2938ab8b064fd03cb') in 0.0298342 seconds
Number of updated asset objects reloaded before import = 0Number of asset objects unloaded after import = 9

========================================================================
Received Import Request.
  Time since last request: 0.000030 seconds.
  path: Assets/CartoonTracksPack1/Track1/Meshes/Prefab_Meshes/prop_team_12.FBX
  artifactKey: Guid(d68fccbb419a8b5419a34d216f1f1d0e) Importer(2089858483,192608db42251d675da83286b1cce702)
Start importing Assets/CartoonTracksPack1/Track1/Meshes/Prefab_Meshes/prop_team_12.FBX using Guid(d68fccbb419a8b5419a34d216f1f1d0e) Importer(2089858483,192608db42251d675da83286b1cce702) (ScriptedImporter) -> (artifact id: '16f84451b9e4a92ded0ddde3138bbca1') in 0.0923344 seconds
Number of updated asset objects reloaded before import = 0Number of asset objects unloaded after import = 9

========================================================================
Received Import Request.
  Time since last request: 0.000028 seconds.
  path: Assets/TutorialInfo/Layout.wlt
  artifactKey: Guid(eabc9546105bf4accac1fd62a63e88e6) Importer(2089858483,192608db42251d675da83286b1cce702)
Start importing Assets/TutorialInfo/Layout.wlt using Guid(eabc9546105bf4accac1fd62a63e88e6) Importer(2089858483,192608db42251d675da83286b1cce702) (ScriptedImporter) -> (artifact id: '73f427ad90a47be62aa1a9c48231d684') in 0.0187914 seconds
Number of updated asset objects reloaded before import = 0Number of asset objects unloaded after import = 1

========================================================================
Received Import Request.
  Time since last request: 0.000024 seconds.
  path: Assets/CartoonTracksPack1/Track1/Prefabs/Props/Banners/prop_banner_medium_C.prefab
  artifactKey: Guid(51087d8cae282b94a9c6e494c3062f9f) Importer(2089858483,192608db42251d675da83286b1cce702)
Start importing Assets/CartoonTracksPack1/Track1/Prefabs/Props/Banners/prop_banner_medium_C.prefab using Guid(51087d8cae282b94a9c6e494c3062f9f) Importer(2089858483,192608db42251d675da83286b1cce702) (ScriptedImporter) -> (artifact id: '7f3b90a25494f090aed134b7d87880f2') in 0.0432687 seconds
Number of updated asset objects reloaded before import = 0Number of asset objects unloaded after import = 8

========================================================================
Received Import Request.
  Time since last request: 0.000044 seconds.
  path: Assets/TextMesh Pro/Sprites/EmojiOne.png
  artifactKey: Guid(dffef66376be4fa480fb02b19edbe903) Importer(2089858483,192608db42251d675da83286b1cce702)
Start importing Assets/TextMesh Pro/Sprites/EmojiOne.png using Guid(dffef66376be4fa480fb02b19edbe903) Importer(2089858483,192608db42251d675da83286b1cce702) (ScriptedImporter) -> (artifact id: '9c309e78da83c4903bedd17a0da64fd1') in 0.0313103 seconds
Number of updated asset objects reloaded before import = 0Number of asset objects unloaded after import = 1

========================================================================
Received Import Request.
  Time since last request: 0.000023 seconds.
  path: Assets/CartoonTracksPack1/Track1/Prefabs/Props/Team Signs/prop_team_10.prefab
  artifactKey: Guid(48a3588790d8e1544a172eb4e340dc37) Importer(2089858483,192608db42251d675da83286b1cce702)
Start importing Assets/CartoonTracksPack1/Track1/Prefabs/Props/Team Signs/prop_team_10.prefab using Guid(48a3588790d8e1544a172eb4e340dc37) Importer(2089858483,192608db42251d675da83286b1cce702) (ScriptedImporter) -> (artifact id: 'ed472fa9c642abb895b9f6e566621d6a') in 0.0506811 seconds
Number of updated asset objects reloaded before import = 0Number of asset objects unloaded after import = 8

========================================================================
Received Import Request.
  Time since last request: 0.000018 seconds.
  path: Assets/TextMesh Pro/Shaders/TMP_Bitmap-Custom-Atlas.shader
  artifactKey: Guid(48bb5f55d8670e349b6e614913f9d910) Importer(2089858483,192608db42251d675da83286b1cce702)
Start importing Assets/TextMesh Pro/Shaders/TMP_Bitmap-Custom-Atlas.shader using Guid(48bb5f55d8670e349b6e614913f9d910) Importer(2089858483,192608db42251d675da83286b1cce702) (ScriptedImporter) -> (artifact id: '814866f81f897abb6df4d736ec34685b') in 0.023417 seconds
Number of updated asset objects reloaded before import = 0Number of asset objects unloaded after import = 1

========================================================================
Received Import Request.
  Time since last request: 0.000026 seconds.
  path: Assets/CartoonTracksPack1/Track1/Prefabs/Props/prop_arrow_long.prefab
  artifactKey: Guid(243a4033fc4deac45936cd8382edcda0) Importer(2089858483,192608db42251d675da83286b1cce702)
Start importing Assets/CartoonTracksPack1/Track1/Prefabs/Props/prop_arrow_long.prefab using Guid(243a4033fc4deac45936cd8382edcda0) Importer(2089858483,192608db42251d675da83286b1cce702) (ScriptedImporter) -> (artifact id: '5e4bdbfe19feb0993e849a181f0c8a6d') in 0.0581827 seconds
Number of updated asset objects reloaded before import = 0Number of asset objects unloaded after import = 8

========================================================================
Received Import Request.
  Time since last request: 0.000033 seconds.
  path: Assets/CartoonTracksPack1/Track1/Meshes/Track_Meshes/OvalModular/oval_complete_colliders.FBX
  artifactKey: Guid(6045173226090e44fa1a03375d2b519a) Importer(2089858483,192608db42251d675da83286b1cce702)
Start importing Assets/CartoonTracksPack1/Track1/Meshes/Track_Meshes/OvalModular/oval_complete_colliders.FBX using Guid(6045173226090e44fa1a03375d2b519a) Importer(2089858483,192608db42251d675da83286b1cce702) (ScriptedImporter) -> (artifact id: '5fd80fb873687cc89d1dead7d428f6da') in 0.0815876 seconds
Number of updated asset objects reloaded before import = 0Number of asset objects unloaded after import = 251

========================================================================
Received Import Request.
  Time since last request: 0.000020 seconds.
  path: Assets/CartoonTracksPack1/Track1/Prefabs/Props/Baloons/prop_baloon_A.prefab
  artifactKey: Guid(d04d36c2e9aca9448b05e8fee4f331ab) Importer(2089858483,192608db42251d675da83286b1cce702)
Start importing Assets/CartoonTracksPack1/Track1/Prefabs/Props/Baloons/prop_baloon_A.prefab using Guid(d04d36c2e9aca9448b05e8fee4f331ab) Importer(2089858483,192608db42251d675da83286b1cce702) (ScriptedImporter) -> (artifact id: '969ba8489dc399b0c055ea53fe9acf92') in 0.0534331 seconds
Number of updated asset objects reloaded before import = 0Number of asset objects unloaded after import = 8

========================================================================
Received Import Request.
  Time since last request: 0.000034 seconds.
  path: Assets/Prefabs/battery.obj
  artifactKey: Guid(cc39dfe0880db9b4db7cacc396ccbd85) Importer(2089858483,192608db42251d675da83286b1cce702)
Start importing Assets/Prefabs/battery.obj using Guid(cc39dfe0880db9b4db7cacc396ccbd85) Importer(2089858483,192608db42251d675da83286b1cce702) (ScriptedImporter) -> (artifact id: 'eb6fd9fe325cdb303b9f51d60a11fb97') in 0.0245493 seconds
Number of updated asset objects reloaded before import = 0Number of asset objects unloaded after import = 10

========================================================================
Received Import Request.
  Time since last request: 0.000035 seconds.
  path: Assets/CartoonTracksPack1/Track1/Prefabs/Props/Team Signs/prop_team_16.prefab
  artifactKey: Guid(cf31a4ac54e8b4d4c8af82534b295992) Importer(2089858483,192608db42251d675da83286b1cce702)
Start importing Assets/CartoonTracksPack1/Track1/Prefabs/Props/Team Signs/prop_team_16.prefab using Guid(cf31a4ac54e8b4d4c8af82534b295992) Importer(2089858483,192608db42251d675da83286b1cce702) (ScriptedImporter) -> (artifact id: 'a2bfa7fc060fb4c47f2197f3ce096998') in 0.0421708 seconds
Number of updated asset objects reloaded before import = 0Number of asset objects unloaded after import = 8

========================================================================
Received Import Request.
  Time since last request: 0.000024 seconds.
  path: Assets/CartoonTracksPack1/Track1/Meshes/Materials/GRASS_2.mat
  artifactKey: Guid(30eb2d32c1e32a64bb1b2962978e6cfe) Importer(2089858483,192608db42251d675da83286b1cce702)
Start importing Assets/CartoonTracksPack1/Track1/Meshes/Materials/GRASS_2.mat using Guid(30eb2d32c1e32a64bb1b2962978e6cfe) Importer(2089858483,192608db42251d675da83286b1cce702) (ScriptedImporter) -> (artifact id: '092fa7ff0e4ef5bea9761a6c286ad01e') in 0.0270792 seconds
Number of updated asset objects reloaded before import = 0Number of asset objects unloaded after import = 2

========================================================================
Received Import Request.
  Time since last request: 0.000022 seconds.
  path: Assets/Settings/SampleSceneProfile.asset
  artifactKey: Guid(10fc4df2da32a41aaa32d77bc913491c) Importer(2089858483,192608db42251d675da83286b1cce702)
Start importing Assets/Settings/SampleSceneProfile.asset using Guid(10fc4df2da32a41aaa32d77bc913491c) Importer(2089858483,192608db42251d675da83286b1cce702) (ScriptedImporter) -> (artifact id: 'eef2aa5bf28a7c6d2e25bd8012cffbd8') in 0.0178133 seconds
Number of updated asset objects reloaded before import = 0Number of asset objects unloaded after import = 5

========================================================================
Received Import Request.
  Time since last request: 0.000028 seconds.
  path: Assets/CartoonTracksPack1/Track1/Textures/grass_1.psd
  artifactKey: Guid(883f6ff05ac7c5949978e8653eb5c914) Importer(2089858483,192608db42251d675da83286b1cce702)
Start importing Assets/CartoonTracksPack1/Track1/Textures/grass_1.psd using Guid(883f6ff05ac7c5949978e8653eb5c914) Importer(2089858483,192608db42251d675da83286b1cce702) (ScriptedImporter) -> (artifact id: '8bed032e7fe8f0c79588ae5aeea64350') in 0.034616 seconds
Number of updated asset objects reloaded before import = 0Number of asset objects unloaded after import = 1

========================================================================
Received Import Request.
  Time since last request: 0.000039 seconds.
  path: Assets/CartoonTracksPack1/Track1/Meshes/Prefab_Meshes/prop_barrier_pole.FBX
  artifactKey: Guid(d3f3b48614c832940a54b38c6a1724d6) Importer(2089858483,192608db42251d675da83286b1cce702)
Start importing Assets/CartoonTracksPack1/Track1/Meshes/Prefab_Meshes/prop_barrier_pole.FBX using Guid(d3f3b48614c832940a54b38c6a1724d6) Importer(2089858483,192608db42251d675da83286b1cce702) (ScriptedImporter) -> (artifact id: '83efa1e20765dd22c1e82bc0bde54b72') in 0.0354915 seconds
Number of updated asset objects reloaded before import = 0Number of asset objects unloaded after import = 9

========================================================================
Received Import Request.
  Time since last request: 0.000022 seconds.
  path: Assets/TextMesh Pro/Shaders/TMP_SDF-Mobile Masking.shader
  artifactKey: Guid(bc1ede39bf3643ee8e493720e4259791) Importer(2089858483,192608db42251d675da83286b1cce702)
Start importing Assets/TextMesh Pro/Shaders/TMP_SDF-Mobile Masking.shader using Guid(bc1ede39bf3643ee8e493720e4259791) Importer(2089858483,192608db42251d675da83286b1cce702) (ScriptedImporter) -> (artifact id: '97b3c7a5d83e08188d90bcf056d66feb') in 0.0247114 seconds
Number of updated asset objects reloaded before import = 0Number of asset objects unloaded after import = 1

========================================================================
Received Import Request.
  Time since last request: 0.000025 seconds.
  path: Assets/CartoonTracksPack1/Track1/Meshes/Prefab_Meshes/prop_banner_medium_A.FBX
  artifactKey: Guid(889e272d5f7af1046b3e67a726532696) Importer(2089858483,192608db42251d675da83286b1cce702)
Start importing Assets/CartoonTracksPack1/Track1/Meshes/Prefab_Meshes/prop_banner_medium_A.FBX using Guid(889e272d5f7af1046b3e67a726532696) Importer(2089858483,192608db42251d675da83286b1cce702) (ScriptedImporter) -> (artifact id: '1c45c2bc3fbcf138f7d64942e5be7dc9') in 0.1093668 seconds
Number of updated asset objects reloaded before import = 0Number of asset objects unloaded after import = 9

========================================================================
Received Import Request.
  Time since last request: 0.000035 seconds.
  path: Assets/Prefabs/cannaster.obj
  artifactKey: Guid(a65143f9b63af574192cf62aa20ca18d) Importer(2089858483,192608db42251d675da83286b1cce702)
Start importing Assets/Prefabs/cannaster.obj using Guid(a65143f9b63af574192cf62aa20ca18d) Importer(2089858483,192608db42251d675da83286b1cce702) (ScriptedImporter) -> (artifact id: '6e4cbe83593fbb31c671283f483df4f9') in 0.0387173 seconds
Number of updated asset objects reloaded before import = 0Number of asset objects unloaded after import = 9

========================================================================
Received Import Request.
  Time since last request: 0.000030 seconds.
  path: Assets/CartoonTracksPack1/Track1/Meshes/Prefab_Meshes/prop_cone.FBX
  artifactKey: Guid(08839dbaff4903347b8d8e04bc5e08f6) Importer(2089858483,192608db42251d675da83286b1cce702)
Start importing Assets/CartoonTracksPack1/Track1/Meshes/Prefab_Meshes/prop_cone.FBX using Guid(08839dbaff4903347b8d8e04bc5e08f6) Importer(2089858483,192608db42251d675da83286b1cce702) (ScriptedImporter) -> (artifact id: '315872b45d98487fb73f1dd0ec049884') in 0.0855756 seconds
Number of updated asset objects reloaded before import = 0Number of asset objects unloaded after import = 9

========================================================================
Received Import Request.
  Time since last request: 0.000028 seconds.
  path: Assets/TextMesh Pro/Shaders/TMPro_Surface.cginc
  artifactKey: Guid(d930090c0cd643c7b55f19a38538c162) Importer(2089858483,192608db42251d675da83286b1cce702)
Start importing Assets/TextMesh Pro/Shaders/TMPro_Surface.cginc using Guid(d930090c0cd643c7b55f19a38538c162) Importer(2089858483,192608db42251d675da83286b1cce702) (ScriptedImporter) -> (artifact id: '76b5f0034730c22b4f140ea5d65a46b4') in 0.0344715 seconds
Number of updated asset objects reloaded before import = 0Number of asset objects unloaded after import = 1

========================================================================
Received Prepare
Refreshing native plugins compatible for Editor in 2.59 ms, found 4 plugins.
Preloading 0 native plugins for Editor in 0.00 ms.
Unloading 26 Unused Serialized files (Serialized files now loaded: 0)
Unloading 29 unused Assets / (3.3 MB). Loaded Objects now: 8893.
Memory consumption went from 145.6 MB to 142.3 MB.
Total: 86.979400 ms (FindLiveObjects: 0.641800 ms CreateObjectMapping: 0.319400 ms MarkObjects: 85.274700 ms  DeleteObjects: 0.741600 ms)

Prepare: number of updated asset objects reloaded= 0
